Archive member included to satisfy reference by file (symbol)

/home/slitmano/CLionProjects/Moisture_sensor_node/Tools/gcc-arm-none-eabi-10.3-2021.10/bin/../lib/gcc/arm-none-eabi/10.3.1/thumb/v7e-m/nofp/libgcc.a(_aeabi_uldivmod.o)
                              CMakeFiles/Moisture_sensor_node.elf.dir/Drivers/STM32L4xx_HAL_Driver/Src/stm32l4xx_hal_uart.c.obj (__aeabi_uldivmod)
/home/slitmano/CLionProjects/Moisture_sensor_node/Tools/gcc-arm-none-eabi-10.3-2021.10/bin/../lib/gcc/arm-none-eabi/10.3.1/thumb/v7e-m/nofp/libgcc.a(_udivmoddi4.o)
                              /home/slitmano/CLionProjects/Moisture_sensor_node/Tools/gcc-arm-none-eabi-10.3-2021.10/bin/../lib/gcc/arm-none-eabi/10.3.1/thumb/v7e-m/nofp/libgcc.a(_aeabi_uldivmod.o) (__udivmoddi4)
/home/slitmano/CLionProjects/Moisture_sensor_node/Tools/gcc-arm-none-eabi-10.3-2021.10/bin/../lib/gcc/arm-none-eabi/10.3.1/thumb/v7e-m/nofp/libgcc.a(_dvmd_tls.o)
                              /home/slitmano/CLionProjects/Moisture_sensor_node/Tools/gcc-arm-none-eabi-10.3-2021.10/bin/../lib/gcc/arm-none-eabi/10.3.1/thumb/v7e-m/nofp/libgcc.a(_aeabi_uldivmod.o) (__aeabi_ldiv0)
/home/slitmano/CLionProjects/Moisture_sensor_node/Tools/gcc-arm-none-eabi-10.3-2021.10/bin/../lib/gcc/arm-none-eabi/10.3.1/../../../../arm-none-eabi/lib/thumb/v7e-m/nofp/libg.a(lib_a-errno.o)
                              CMakeFiles/Moisture_sensor_node.elf.dir/Src/syscalls.c.obj (__errno)
/home/slitmano/CLionProjects/Moisture_sensor_node/Tools/gcc-arm-none-eabi-10.3-2021.10/bin/../lib/gcc/arm-none-eabi/10.3.1/../../../../arm-none-eabi/lib/thumb/v7e-m/nofp/libg.a(lib_a-exit.o)
                              /home/slitmano/CLionProjects/Moisture_sensor_node/Tools/gcc-arm-none-eabi-10.3-2021.10/bin/../lib/gcc/arm-none-eabi/10.3.1/../../../../arm-none-eabi/lib/thumb/v7e-m/nofp/crt0.o (exit)
/home/slitmano/CLionProjects/Moisture_sensor_node/Tools/gcc-arm-none-eabi-10.3-2021.10/bin/../lib/gcc/arm-none-eabi/10.3.1/../../../../arm-none-eabi/lib/thumb/v7e-m/nofp/libg.a(lib_a-impure.o)
                              /home/slitmano/CLionProjects/Moisture_sensor_node/Tools/gcc-arm-none-eabi-10.3-2021.10/bin/../lib/gcc/arm-none-eabi/10.3.1/../../../../arm-none-eabi/lib/thumb/v7e-m/nofp/libg.a(lib_a-exit.o) (_global_impure_ptr)
/home/slitmano/CLionProjects/Moisture_sensor_node/Tools/gcc-arm-none-eabi-10.3-2021.10/bin/../lib/gcc/arm-none-eabi/10.3.1/../../../../arm-none-eabi/lib/thumb/v7e-m/nofp/libg.a(lib_a-init.o)
                              /home/slitmano/CLionProjects/Moisture_sensor_node/Tools/gcc-arm-none-eabi-10.3-2021.10/bin/../lib/gcc/arm-none-eabi/10.3.1/../../../../arm-none-eabi/lib/thumb/v7e-m/nofp/crt0.o (__libc_init_array)
/home/slitmano/CLionProjects/Moisture_sensor_node/Tools/gcc-arm-none-eabi-10.3-2021.10/bin/../lib/gcc/arm-none-eabi/10.3.1/../../../../arm-none-eabi/lib/thumb/v7e-m/nofp/libg.a(lib_a-memcpy.o)
                              CMakeFiles/Moisture_sensor_node.elf.dir/Src/main.c.obj (memcpy)
/home/slitmano/CLionProjects/Moisture_sensor_node/Tools/gcc-arm-none-eabi-10.3-2021.10/bin/../lib/gcc/arm-none-eabi/10.3.1/../../../../arm-none-eabi/lib/thumb/v7e-m/nofp/libg.a(lib_a-memset.o)
                              /home/slitmano/CLionProjects/Moisture_sensor_node/Tools/gcc-arm-none-eabi-10.3-2021.10/bin/../lib/gcc/arm-none-eabi/10.3.1/../../../../arm-none-eabi/lib/thumb/v7e-m/nofp/crt0.o (memset)
/home/slitmano/CLionProjects/Moisture_sensor_node/Tools/gcc-arm-none-eabi-10.3-2021.10/bin/../lib/gcc/arm-none-eabi/10.3.1/../../../../arm-none-eabi/lib/thumb/v7e-m/nofp/libg.a(lib_a-printf.o)
                              CMakeFiles/Moisture_sensor_node.elf.dir/Src/main.c.obj (printf)
/home/slitmano/CLionProjects/Moisture_sensor_node/Tools/gcc-arm-none-eabi-10.3-2021.10/bin/../lib/gcc/arm-none-eabi/10.3.1/../../../../arm-none-eabi/lib/thumb/v7e-m/nofp/libg.a(lib_a-sprintf.o)
                              CMakeFiles/Moisture_sensor_node.elf.dir/Src/humid_node.c.obj (sprintf)
/home/slitmano/CLionProjects/Moisture_sensor_node/Tools/gcc-arm-none-eabi-10.3-2021.10/bin/../lib/gcc/arm-none-eabi/10.3.1/../../../../arm-none-eabi/lib/thumb/v7e-m/nofp/libg.a(lib_a-svfprintf.o)
                              /home/slitmano/CLionProjects/Moisture_sensor_node/Tools/gcc-arm-none-eabi-10.3-2021.10/bin/../lib/gcc/arm-none-eabi/10.3.1/../../../../arm-none-eabi/lib/thumb/v7e-m/nofp/libg.a(lib_a-sprintf.o) (_svfprintf_r)
/home/slitmano/CLionProjects/Moisture_sensor_node/Tools/gcc-arm-none-eabi-10.3-2021.10/bin/../lib/gcc/arm-none-eabi/10.3.1/../../../../arm-none-eabi/lib/thumb/v7e-m/nofp/libg.a(lib_a-vfprintf.o)
                              /home/slitmano/CLionProjects/Moisture_sensor_node/Tools/gcc-arm-none-eabi-10.3-2021.10/bin/../lib/gcc/arm-none-eabi/10.3.1/../../../../arm-none-eabi/lib/thumb/v7e-m/nofp/libg.a(lib_a-printf.o) (_vfprintf_r)
[...]
Memory Configuration

Name             Origin             Length             Attributes
RAM              0x0000000020000000 0x0000000000010000 xrw
RAM2             0x0000000010000000 0x0000000000004000 xrw
FLASH            0x0000000008000000 0x0000000000040000 xr
*default*        0x0000000000000000 0xffffffffffffffff

Linker script and memory map

LOAD /home/slitmano/CLionProjects/Moisture_sensor_node/Tools/gcc-arm-none-eabi-10.3-2021.10/bin/../lib/gcc/arm-none-eabi/10.3.1/thumb/v7e-m/nofp/crti.o
LOAD /home/slitmano/CLionProjects/Moisture_sensor_node/Tools/gcc-arm-none-eabi-10.3-2021.10/bin/../lib/gcc/arm-none-eabi/10.3.1/thumb/v7e-m/nofp/crtbegin.o
LOAD /home/slitmano/CLionProjects/Moisture_sensor_node/Tools/gcc-arm-none-eabi-10.3-2021.10/bin/../lib/gcc/arm-none-eabi/10.3.1/../../../../arm-none-eabi/lib/thumb/v7e-m/nofp/crt0.o
LOAD CMakeFiles/Moisture_sensor_node.elf.dir/Drivers/STM32L4xx_HAL_Driver/Src/stm32l4xx_hal.c.obj
LOAD CMakeFiles/Moisture_sensor_node.elf.dir/Drivers/STM32L4xx_HAL_Driver/Src/stm32l4xx_hal_adc.c.obj
LOAD CMakeFiles/Moisture_sensor_node.elf.dir/Drivers/STM32L4xx_HAL_Driver/Src/stm32l4xx_hal_adc_ex.c.obj
LOAD CMakeFiles/Moisture_sensor_node.elf.dir/Drivers/STM32L4xx_HAL_Driver/Src/stm32l4xx_hal_cortex.c.obj
LOAD CMakeFiles/Moisture_sensor_node.elf.dir/Drivers/STM32L4xx_HAL_Driver/Src/stm32l4xx_hal_dma.c.obj
LOAD CMakeFiles/Moisture_sensor_node.elf.dir/Drivers/STM32L4xx_HAL_Driver/Src/stm32l4xx_hal_dma_ex.c.obj
LOAD CMakeFiles/Moisture_sensor_node.elf.dir/Drivers/STM32L4xx_HAL_Driver/Src/stm32l4xx_hal_exti.c.obj
LOAD CMakeFiles/Moisture_sensor_node.elf.dir/Drivers/STM32L4xx_HAL_Driver/Src/stm32l4xx_hal_flash.c.obj
LOAD CMakeFiles/Moisture_sensor_node.elf.dir/Drivers/STM32L4xx_HAL_Driver/Src/stm32l4xx_hal_flash_ex.c.obj
LOAD CMakeFiles/Moisture_sensor_node.elf.dir/Drivers/STM32L4xx_HAL_Driver/Src/stm32l4xx_hal_flash_ramfunc.c.obj
LOAD CMakeFiles/Moisture_sensor_node.elf.dir/Drivers/STM32L4xx_HAL_Driver/Src/stm32l4xx_hal_gpio.c.obj
LOAD CMakeFiles/Moisture_sensor_node.elf.dir/Drivers/STM32L4xx_HAL_Driver/Src/stm32l4xx_hal_i2c.c.obj
LOAD CMakeFiles/Moisture_sensor_node.elf.dir/Drivers/STM32L4xx_HAL_Driver/Src/stm32l4xx_hal_i2c_ex.c.obj
LOAD CMakeFiles/Moisture_sensor_node.elf.dir/Drivers/STM32L4xx_HAL_Driver/Src/stm32l4xx_hal_pwr.c.obj
LOAD CMakeFiles/Moisture_sensor_node.elf.dir/Drivers/STM32L4xx_HAL_Driver/Src/stm32l4xx_hal_pwr_ex.c.obj
LOAD CMakeFiles/Moisture_sensor_node.elf.dir/Drivers/STM32L4xx_HAL_Driver/Src/stm32l4xx_hal_rcc.c.obj
LOAD CMakeFiles/Moisture_sensor_node.elf.dir/Drivers/STM32L4xx_HAL_Driver/Src/stm32l4xx_hal_rcc_ex.c.obj
LOAD CMakeFiles/Moisture_sensor_node.elf.dir/Drivers/STM32L4xx_HAL_Driver/Src/stm32l4xx_hal_tim.c.obj
LOAD CMakeFiles/Moisture_sensor_node.elf.dir/Drivers/STM32L4xx_HAL_Driver/Src/stm32l4xx_hal_tim_ex.c.obj
LOAD CMakeFiles/Moisture_sensor_node.elf.dir/Drivers/STM32L4xx_HAL_Driver/Src/stm32l4xx_hal_uart.c.obj
LOAD CMakeFiles/Moisture_sensor_node.elf.dir/Drivers/STM32L4xx_HAL_Driver/Src/stm32l4xx_hal_uart_ex.c.obj
LOAD CMakeFiles/Moisture_sensor_node.elf.dir/Src/humid_node.c.obj
LOAD CMakeFiles/Moisture_sensor_node.elf.dir/Src/main.c.obj
LOAD CMakeFiles/Moisture_sensor_node.elf.dir/Src/stm32l4xx_hal_msp.c.obj
LOAD CMakeFiles/Moisture_sensor_node.elf.dir/Src/stm32l4xx_it.c.obj
LOAD CMakeFiles/Moisture_sensor_node.elf.dir/Src/syscalls.c.obj
LOAD CMakeFiles/Moisture_sensor_node.elf.dir/Src/sysmem.c.obj
LOAD CMakeFiles/Moisture_sensor_node.elf.dir/Src/system_stm32l4xx.c.obj
LOAD CMakeFiles/Moisture_sensor_node.elf.dir/Startup/startup_stm32l432kcux.s.obj
START GROUP
LOAD /home/slitmano/CLionProjects/Moisture_sensor_node/Tools/gcc-arm-none-eabi-10.3-2021.10/bin/../lib/gcc/arm-none-eabi/10.3.1/thumb/v7e-m/nofp/libgcc.a
LOAD /home/slitmano/CLionProjects/Moisture_sensor_node/Tools/gcc-arm-none-eabi-10.3-2021.10/bin/../lib/gcc/arm-none-eabi/10.3.1/../../../../arm-none-eabi/lib/thumb/v7e-m/nofp/libg.a
LOAD /home/slitmano/CLionProjects/Moisture_sensor_node/Tools/gcc-arm-none-eabi-10.3-2021.10/bin/../lib/gcc/arm-none-eabi/10.3.1/../../../../arm-none-eabi/lib/thumb/v7e-m/nofp/libc.a
END GROUP
LOAD /home/slitmano/CLionProjects/Moisture_sensor_node/Tools/gcc-arm-none-eabi-10.3-2021.10/bin/../lib/gcc/arm-none-eabi/10.3.1/thumb/v7e-m/nofp/crtend.o
LOAD /home/slitmano/CLionProjects/Moisture_sensor_node/Tools/gcc-arm-none-eabi-10.3-2021.10/bin/../lib/gcc/arm-none-eabi/10.3.1/thumb/v7e-m/nofp/crtn.o
                0x0000000020010000                _estack = (ORIGIN (RAM) + LENGTH (RAM))
                0x0000000000000200                _Min_Heap_Size = 0x200
                0x0000000000000400                _Min_Stack_Size = 0x400

.isr_vector     0x0000000008000000      0x18c
                0x0000000008000000                . = ALIGN (0x4)
 *(.isr_vector)
 .isr_vector    0x0000000008000000      0x18c CMakeFiles/Moisture_sensor_node.elf.dir/Startup/startup_stm32l432kcux.s.obj
                0x0000000008000000                g_pfnVectors
                0x000000000800018c                . = ALIGN (0x4)

.text           0x00000000080001c0     0xadd0
                0x00000000080001c0                . = ALIGN (0x4)
 *(.text)
 .text          0x00000000080001c0       0x40 /home/slitmano/CLionProjects/Moisture_sensor_node/Tools/gcc-arm-none-eabi-10.3-2021.10/bin/../lib/gcc/arm-none-eabi/10.3.1/thumb/v7e-m/nofp/crtbegin.o
 .text          0x0000000008000200       0x30 /home/slitmano/CLionProjects/Moisture_sensor_node/Tools/gcc-arm-none-eabi-10.3-2021.10/bin/../lib/gcc/arm-none-eabi/10.3.1/thumb/v7e-m/nofp/libgcc.a(_aeabi_uldivmod.o)
                0x0000000008000200                __aeabi_uldivmod
 .text          0x0000000008000230      0x2d0 /home/slitmano/CLionProjects/Moisture_sensor_node/Tools/gcc-arm-none-eabi-10.3-2021.10/bin/../lib/gcc/arm-none-eabi/10.3.1/thumb/v7e-m/nofp/libgcc.a(_udivmoddi4.o)
                0x0000000008000230                __udivmoddi4
 .text          0x0000000008000500        0x4 /home/slitmano/CLionProjects/Moisture_sensor_node/Tools/gcc-arm-none-eabi-10.3-2021.10/bin/../lib/gcc/arm-none-eabi/10.3.1/thumb/v7e-m/nofp/libgcc.a(_dvmd_tls.o)
                0x0000000008000500                __aeabi_ldiv0
                0x0000000008000500                __aeabi_idiv0
 .text          0x0000000008000504      0x134 /home/slitmano/CLionProjects/Moisture_sensor_node/Tools/gcc-arm-none-eabi-10.3-2021.10/bin/../lib/gcc/arm-none-eabi/10.3.1/../../../../arm-none-eabi/lib/thumb/v7e-m/nofp/libg.a(lib_a-memcpy.o)
                0x0000000008000504                memcpy
 *fill*         0x0000000008000638        0x8 
 .text          0x0000000008000640       0xa0 /home/slitmano/CLionProjects/Moisture_sensor_node/Tools/gcc-arm-none-eabi-10.3-2021.10/bin/../lib/gcc/arm-none-eabi/10.3.1/../../../../arm-none-eabi/lib/thumb/v7e-m/nofp/libg.a(lib_a-memchr.o)
                0x0000000008000640                memchr
 *fill*         0x00000000080006e0       0x20 
 .text          0x0000000008000700       0xdc /home/slitmano/CLionProjects/Moisture_sensor_node/Tools/gcc-arm-none-eabi-10.3-2021.10/bin/../lib/gcc/arm-none-eabi/10.3.1/../../../../arm-none-eabi/lib/thumb/v7e-m/nofp/libg.a(lib_a-strlen.o)
                0x0000000008000700                strlen
 .text          0x00000000080007dc      0x378 /home/slitmano/CLionProjects/Moisture_sensor_node/Tools/gcc-arm-none-eabi-10.3-2021.10/bin/../lib/gcc/arm-none-eabi/10.3.1/thumb/v7e-m/nofp/libgcc.a(_arm_addsubdf3.o)
                0x00000000080007dc                __aeabi_drsub
                0x00000000080007e4                __aeabi_dsub
                0x00000000080007e4                __subdf3
                0x00000000080007e8                __adddf3
                0x00000000080007e8                __aeabi_dadd
                0x0000000008000a60                __aeabi_ui2d
                0x0000000008000a60                __floatunsidf
                0x0000000008000a80                __floatsidf
                0x0000000008000a80                __aeabi_i2d
                0x0000000008000aa4                __extendsfdf2
                0x0000000008000aa4                __aeabi_f2d
                0x0000000008000ae8                __aeabi_ul2d
                0x0000000008000ae8                __floatundidf
                0x0000000008000af8                __floatdidf
                0x0000000008000af8                __aeabi_l2d
 .text          0x0000000008000b54      0x424 /home/slitmano/CLionProjects/Moisture_sensor_node/Tools/gcc-arm-none-eabi-10.3-2021.10/bin/../lib/gcc/arm-none-eabi/10.3.1/thumb/v7e-m/nofp/libgcc.a(_arm_muldivdf3.o)
                0x0000000008000b54                __aeabi_dmul
                0x0000000008000b54                __muldf3
                0x0000000008000da8                __aeabi_ddiv
                0x0000000008000da8                __divdf3
 .text          0x0000000008000f78      0x110 /home/slitmano/CLionProjects/Moisture_sensor_node/Tools/gcc-arm-none-eabi-10.3-2021.10/bin/../lib/gcc/arm-none-eabi/10.3.1/thumb/v7e-m/nofp/libgcc.a(_arm_cmpdf2.o)
                0x0000000008000f78                __gtdf2
                0x0000000008000f78                __gedf2
                0x0000000008000f80                __ltdf2
                0x0000000008000f80                __ledf2
                0x0000000008000f88                __cmpdf2
                0x0000000008000f88                __eqdf2
                0x0000000008000f88                __nedf2
                0x0000000008001004                __aeabi_cdrcmple
                0x0000000008001014                __aeabi_cdcmple
                0x0000000008001014                __aeabi_cdcmpeq
                0x0000000008001024                __aeabi_dcmpeq
                0x0000000008001038                __aeabi_dcmplt
                0x000000000800104c                __aeabi_dcmple
                0x0000000008001060                __aeabi_dcmpge
                0x0000000008001074                __aeabi_dcmpgt
 .text          0x0000000008001088       0x2c /home/slitmano/CLionProjects/Moisture_sensor_node/Tools/gcc-arm-none-eabi-10.3-2021.10/bin/../lib/gcc/arm-none-eabi/10.3.1/thumb/v7e-m/nofp/libgcc.a(_arm_unorddf2.o)
                0x0000000008001088                __aeabi_dcmpun
                0x0000000008001088                __unorddf2
 .text          0x00000000080010b4       0x50 /home/slitmano/CLionProjects/Moisture_sensor_node/Tools/gcc-arm-none-eabi-10.3-2021.10/bin/../lib/gcc/arm-none-eabi/10.3.1/thumb/v7e-m/nofp/libgcc.a(_arm_fixdfsi.o)
                0x00000000080010b4                __fixdfsi
                0x00000000080010b4                __aeabi_d2iz
 *(.text*)
 .text.HAL_InitTick
                0x0000000008001104       0x50 CMakeFiles/Moisture_sensor_node.elf.dir/Drivers/STM32L4xx_HAL_Driver/Src/stm32l4xx_hal.c.obj
                0x0000000008001104                HAL_InitTick
 .text.HAL_Init
                0x0000000008001154       0x1e CMakeFiles/Moisture_sensor_node.elf.dir/Drivers/STM32L4xx_HAL_Driver/Src/stm32l4xx_hal.c.obj
                0x0000000008001154                HAL_Init
 *fill*         0x0000000008001172        0x2 
 .text.HAL_IncTick
                0x0000000008001174       0x18 CMakeFiles/Moisture_sensor_node.elf.dir/Drivers/STM32L4xx_HAL_Driver/Src/stm32l4xx_hal.c.obj
                0x0000000008001174                HAL_IncTick
 .text.HAL_GetTick
                0x000000000800118c        0xc CMakeFiles/Moisture_sensor_node.elf.dir/Drivers/STM32L4xx_HAL_Driver/Src/stm32l4xx_hal.c.obj
                0x000000000800118c                HAL_GetTick
 .text.HAL_Delay
                0x0000000008001198       0x28 CMakeFiles/Moisture_sensor_node.elf.dir/Drivers/STM32L4xx_HAL_Driver/Src/stm32l4xx_hal.c.obj
                0x0000000008001198                HAL_Delay
 .text.HAL_ADC_Init
                0x00000000080011c0      0x1cc CMakeFiles/Moisture_sensor_node.elf.dir/Drivers/STM32L4xx_HAL_Driver/Src/stm32l4xx_hal_adc.c.obj
                0x00000000080011c0                HAL_ADC_Init
 .text.HAL_ADC_GetValue
                0x000000000800138c        0x6 CMakeFiles/Moisture_sensor_node.elf.dir/Drivers/STM32L4xx_HAL_Driver/Src/stm32l4xx_hal_adc.c.obj
                0x000000000800138c                HAL_ADC_GetValue
 *fill*         0x0000000008001392        0x2 
 .text.HAL_ADC_ConfigChannel
                0x0000000008001394      0x49c CMakeFiles/Moisture_sensor_node.elf.dir/Drivers/STM32L4xx_HAL_Driver/Src/stm32l4xx_hal_adc.c.obj
                0x0000000008001394                HAL_ADC_ConfigChannel
 .text.HAL_NVIC_SetPriorityGrouping
                0x0000000008001830       0x24 CMakeFiles/Moisture_sensor_node.elf.dir/Drivers/STM32L4xx_HAL_Driver/Src/stm32l4xx_hal_cortex.c.obj
                0x0000000008001830                HAL_NVIC_SetPriorityGrouping
 .text.HAL_NVIC_SetPriority
                0x0000000008001854       0x70 CMakeFiles/Moisture_sensor_node.elf.dir/Drivers/STM32L4xx_HAL_Driver/Src/stm32l4xx_hal_cortex.c.obj
                0x0000000008001854                HAL_NVIC_SetPriority
 .text.HAL_SYSTICK_Config
                0x00000000080018c4       0x28 CMakeFiles/Moisture_sensor_node.elf.dir/Drivers/STM32L4xx_HAL_Driver/Src/stm32l4xx_hal_cortex.c.obj
                0x00000000080018c4                HAL_SYSTICK_Config
 .text.HAL_GPIO_Init
                0x00000000080018ec      0x1b8 CMakeFiles/Moisture_sensor_node.elf.dir/Drivers/STM32L4xx_HAL_Driver/Src/stm32l4xx_hal_gpio.c.obj
                0x00000000080018ec                HAL_GPIO_Init
 .text.HAL_GPIO_WritePin
                0x0000000008001aa4        0xa CMakeFiles/Moisture_sensor_node.elf.dir/Drivers/STM32L4xx_HAL_Driver/Src/stm32l4xx_hal_gpio.c.obj
                0x0000000008001aa4                HAL_GPIO_WritePin
 .text.HAL_GPIO_TogglePin
                0x0000000008001aae       0x12 CMakeFiles/Moisture_sensor_node.elf.dir/Drivers/STM32L4xx_HAL_Driver/Src/stm32l4xx_hal_gpio.c.obj
                0x0000000008001aae                HAL_GPIO_TogglePin
 .text.HAL_PWR_EnableBkUpAccess
                0x0000000008001ac0       0x10 CMakeFiles/Moisture_sensor_node.elf.dir/Drivers/STM32L4xx_HAL_Driver/Src/stm32l4xx_hal_pwr.c.obj
                0x0000000008001ac0                HAL_PWR_EnableBkUpAccess
 .text.HAL_PWREx_GetVoltageRange
                0x0000000008001ad0       0x10 CMakeFiles/Moisture_sensor_node.elf.dir/Drivers/STM32L4xx_HAL_Driver/Src/stm32l4xx_hal_pwr_ex.c.obj
                0x0000000008001ad0                HAL_PWREx_GetVoltageRange
 .text.HAL_PWREx_ControlVoltageScaling
                0x0000000008001ae0       0x90 CMakeFiles/Moisture_sensor_node.elf.dir/Drivers/STM32L4xx_HAL_Driver/Src/stm32l4xx_hal_pwr_ex.c.obj
                0x0000000008001ae0                HAL_PWREx_ControlVoltageScaling
 .text.RCC_SetFlashLatencyFromMSIRange
                0x0000000008001b70       0x90 CMakeFiles/Moisture_sensor_node.elf.dir/Drivers/STM32L4xx_HAL_Driver/Src/stm32l4xx_hal_rcc.c.obj
 .text.HAL_RCC_GetSysClockFreq
                0x0000000008001c00       0xb4 CMakeFiles/Moisture_sensor_node.elf.dir/Drivers/STM32L4xx_HAL_Driver/Src/stm32l4xx_hal_rcc.c.obj
                0x0000000008001c00                HAL_RCC_GetSysClockFreq
 .text.HAL_RCC_OscConfig
                0x0000000008001cb4      0x66c CMakeFiles/Moisture_sensor_node.elf.dir/Drivers/STM32L4xx_HAL_Driver/Src/stm32l4xx_hal_rcc.c.obj
                0x0000000008001cb4                HAL_RCC_OscConfig
 .text.HAL_RCC_ClockConfig
                0x0000000008002320      0x188 CMakeFiles/Moisture_sensor_node.elf.dir/Drivers/STM32L4xx_HAL_Driver/Src/stm32l4xx_hal_rcc.c.obj
                0x0000000008002320                HAL_RCC_ClockConfig
 .text.HAL_RCC_GetHCLKFreq
                0x00000000080024a8        0xc CMakeFiles/Moisture_sensor_node.elf.dir/Drivers/STM32L4xx_HAL_Driver/Src/stm32l4xx_hal_rcc.c.obj
                0x00000000080024a8                HAL_RCC_GetHCLKFreq
 .text.HAL_RCC_GetPCLK1Freq
                0x00000000080024b4       0x24 CMakeFiles/Moisture_sensor_node.elf.dir/Drivers/STM32L4xx_HAL_Driver/Src/stm32l4xx_hal_rcc.c.obj
                0x00000000080024b4                HAL_RCC_GetPCLK1Freq
 .text.HAL_RCC_GetPCLK2Freq
                0x00000000080024d8       0x24 CMakeFiles/Moisture_sensor_node.elf.dir/Drivers/STM32L4xx_HAL_Driver/Src/stm32l4xx_hal_rcc.c.obj
                0x00000000080024d8                HAL_RCC_GetPCLK2Freq
 .text.RCCEx_PLLSAI1_Config
                0x00000000080024fc      0x16c CMakeFiles/Moisture_sensor_node.elf.dir/Drivers/STM32L4xx_HAL_Driver/Src/stm32l4xx_hal_rcc_ex.c.obj
 .text.HAL_RCCEx_PeriphCLKConfig
                0x0000000008002668      0x2e8 CMakeFiles/Moisture_sensor_node.elf.dir/Drivers/STM32L4xx_HAL_Driver/Src/stm32l4xx_hal_rcc_ex.c.obj
                0x0000000008002668                HAL_RCCEx_PeriphCLKConfig
 .text.HAL_RCCEx_EnableMSIPLLMode
                0x0000000008002950       0x10 CMakeFiles/Moisture_sensor_node.elf.dir/Drivers/STM32L4xx_HAL_Driver/Src/stm32l4xx_hal_rcc_ex.c.obj
                0x0000000008002950                HAL_RCCEx_EnableMSIPLLMode
 .text.UART_EndRxTransfer
                0x0000000008002960       0x52 CMakeFiles/Moisture_sensor_node.elf.dir/Drivers/STM32L4xx_HAL_Driver/Src/stm32l4xx_hal_uart.c.obj
 *fill*         0x00000000080029b2        0x2 
 .text.UART_SetConfig
                0x00000000080029b4      0x260 CMakeFiles/Moisture_sensor_node.elf.dir/Drivers/STM32L4xx_HAL_Driver/Src/stm32l4xx_hal_uart.c.obj
                0x00000000080029b4                UART_SetConfig
 .text.UART_AdvFeatureConfig
                0x0000000008002c14       0xca CMakeFiles/Moisture_sensor_node.elf.dir/Drivers/STM32L4xx_HAL_Driver/Src/stm32l4xx_hal_uart.c.obj
                0x0000000008002c14                UART_AdvFeatureConfig
 .text.UART_WaitOnFlagUntilTimeout
                0x0000000008002cde       0x9a CMakeFiles/Moisture_sensor_node.elf.dir/Drivers/STM32L4xx_HAL_Driver/Src/stm32l4xx_hal_uart.c.obj
                0x0000000008002cde                UART_WaitOnFlagUntilTimeout
 .text.HAL_UART_Transmit
                0x0000000008002d78       0xc8 CMakeFiles/Moisture_sensor_node.elf.dir/Drivers/STM32L4xx_HAL_Driver/Src/stm32l4xx_hal_uart.c.obj
                0x0000000008002d78                HAL_UART_Transmit
 .text.UART_CheckIdleState
                0x0000000008002e40       0xc6 CMakeFiles/Moisture_sensor_node.elf.dir/Drivers/STM32L4xx_HAL_Driver/Src/stm32l4xx_hal_uart.c.obj
                0x0000000008002e40                UART_CheckIdleState
 .text.HAL_UART_Init
                0x0000000008002f06       0x62 CMakeFiles/Moisture_sensor_node.elf.dir/Drivers/STM32L4xx_HAL_Driver/Src/stm32l4xx_hal_uart.c.obj
                0x0000000008002f06                HAL_UART_Init
 .text.newHumidNode
                0x0000000008002f68       0x1e CMakeFiles/Moisture_sensor_node.elf.dir/Src/humid_node.c.obj
                0x0000000008002f68                newHumidNode
 *fill*         0x0000000008002f86        0x2 
 .text.HumidNode_readMoistureSensor
                0x0000000008002f88       0x30 CMakeFiles/Moisture_sensor_node.elf.dir/Src/humid_node.c.obj
                0x0000000008002f88                HumidNode_readMoistureSensor
 .text.HumidNode_toggleLed
                0x0000000008002fb8       0x18 CMakeFiles/Moisture_sensor_node.elf.dir/Src/humid_node.c.obj
                0x0000000008002fb8                HumidNode_toggleLed
 .text.HumidNode_mainLoop
                0x0000000008002fd0       0x3c CMakeFiles/Moisture_sensor_node.elf.dir/Src/humid_node.c.obj
                0x0000000008002fd0                HumidNode_mainLoop
 .text.MX_GPIO_Init
                0x000000000800300c       0x74 CMakeFiles/Moisture_sensor_node.elf.dir/Src/main.c.obj
 .text._write   0x0000000008003080       0x30 CMakeFiles/Moisture_sensor_node.elf.dir/Src/main.c.obj
                0x0000000008003080                _write
 .text.logMessage
                0x00000000080030b0       0x18 CMakeFiles/Moisture_sensor_node.elf.dir/Src/main.c.obj
                0x00000000080030b0                logMessage
 .text.Error_Handler
                0x00000000080030c8        0x4 CMakeFiles/Moisture_sensor_node.elf.dir/Src/main.c.obj
                0x00000000080030c8                Error_Handler
 .text.MX_USART2_UART_Init
                0x00000000080030cc       0x38 CMakeFiles/Moisture_sensor_node.elf.dir/Src/main.c.obj
 .text.MX_ADC1_Init
                0x0000000008003104       0x80 CMakeFiles/Moisture_sensor_node.elf.dir/Src/main.c.obj
 .text.SystemClock_Config
                0x0000000008003184       0x9c CMakeFiles/Moisture_sensor_node.elf.dir/Src/main.c.obj
                0x0000000008003184                SystemClock_Config
 .text.main     0x0000000008003220       0x80 CMakeFiles/Moisture_sensor_node.elf.dir/Src/main.c.obj
                0x0000000008003220                main
 .text.HAL_MspInit
                0x00000000080032a0       0x30 CMakeFiles/Moisture_sensor_node.elf.dir/Src/stm32l4xx_hal_msp.c.obj
                0x00000000080032a0                HAL_MspInit
 .text.HAL_ADC_MspInit
                0x00000000080032d0       0xa0 CMakeFiles/Moisture_sensor_node.elf.dir/Src/stm32l4xx_hal_msp.c.obj
                0x00000000080032d0                HAL_ADC_MspInit
 .text.HAL_UART_MspInit
                0x0000000008003370       0xa0 CMakeFiles/Moisture_sensor_node.elf.dir/Src/stm32l4xx_hal_msp.c.obj
                0x0000000008003370                HAL_UART_MspInit
 .text.NMI_Handler
                0x0000000008003410        0x2 CMakeFiles/Moisture_sensor_node.elf.dir/Src/stm32l4xx_it.c.obj
                0x0000000008003410                NMI_Handler
 .text.HardFault_Handler
                0x0000000008003412        0x2 CMakeFiles/Moisture_sensor_node.elf.dir/Src/stm32l4xx_it.c.obj
                0x0000000008003412                HardFault_Handler
 .text.MemManage_Handler
                0x0000000008003414        0x2 CMakeFiles/Moisture_sensor_node.elf.dir/Src/stm32l4xx_it.c.obj
                0x0000000008003414                MemManage_Handler
 .text.BusFault_Handler
                0x0000000008003416        0x2 CMakeFiles/Moisture_sensor_node.elf.dir/Src/stm32l4xx_it.c.obj
                0x0000000008003416                BusFault_Handler
 .text.UsageFault_Handler
                0x0000000008003418        0x2 CMakeFiles/Moisture_sensor_node.elf.dir/Src/stm32l4xx_it.c.obj
                0x0000000008003418                UsageFault_Handler
 .text.SVC_Handler
                0x000000000800341a        0x2 CMakeFiles/Moisture_sensor_node.elf.dir/Src/stm32l4xx_it.c.obj
                0x000000000800341a                SVC_Handler
 .text.DebugMon_Handler
                0x000000000800341c        0x2 CMakeFiles/Moisture_sensor_node.elf.dir/Src/stm32l4xx_it.c.obj
                0x000000000800341c                DebugMon_Handler
 .text.PendSV_Handler
                0x000000000800341e        0x2 CMakeFiles/Moisture_sensor_node.elf.dir/Src/stm32l4xx_it.c.obj
                0x000000000800341e                PendSV_Handler
 .text.SysTick_Handler
                0x0000000008003420        0x8 CMakeFiles/Moisture_sensor_node.elf.dir/Src/stm32l4xx_it.c.obj
                0x0000000008003420                SysTick_Handler
 .text._getpid  0x0000000008003428        0x4 CMakeFiles/Moisture_sensor_node.elf.dir/Src/syscalls.c.obj
                0x0000000008003428                _getpid
 .text._kill    0x000000000800342c       0x10 CMakeFiles/Moisture_sensor_node.elf.dir/Src/syscalls.c.obj
                0x000000000800342c                _kill
 .text._exit    0x000000000800343c        0xc CMakeFiles/Moisture_sensor_node.elf.dir/Src/syscalls.c.obj
                0x000000000800343c                _exit
 .text._read    0x0000000008003448       0x20 CMakeFiles/Moisture_sensor_node.elf.dir/Src/syscalls.c.obj
                0x0000000008003448                _read
 .text._close   0x0000000008003468        0x6 CMakeFiles/Moisture_sensor_node.elf.dir/Src/syscalls.c.obj
                0x0000000008003468                _close
 .text._fstat   0x000000000800346e        0xa CMakeFiles/Moisture_sensor_node.elf.dir/Src/syscalls.c.obj
                0x000000000800346e                _fstat
 .text._isatty  0x0000000008003478        0x4 CMakeFiles/Moisture_sensor_node.elf.dir/Src/syscalls.c.obj
                0x0000000008003478                _isatty
 .text._lseek   0x000000000800347c        0x4 CMakeFiles/Moisture_sensor_node.elf.dir/Src/syscalls.c.obj
                0x000000000800347c                _lseek
 .text._sbrk    0x0000000008003480       0x48 CMakeFiles/Moisture_sensor_node.elf.dir/Src/sysmem.c.obj
                0x0000000008003480                _sbrk
 .text.SystemInit
                0x00000000080034c8        0x2 CMakeFiles/Moisture_sensor_node.elf.dir/Src/system_stm32l4xx.c.obj
                0x00000000080034c8                SystemInit
 *fill*         0x00000000080034ca        0x2 
 .text.Reset_Handler
                0x00000000080034cc       0x50 CMakeFiles/Moisture_sensor_node.elf.dir/Startup/startup_stm32l432kcux.s.obj
                0x00000000080034cc                Reset_Handler
 .text.Default_Handler
                0x000000000800351c        0x2 CMakeFiles/Moisture_sensor_node.elf.dir/Startup/startup_stm32l432kcux.s.obj
                0x000000000800351c                RTC_Alarm_IRQHandler
                0x000000000800351c                EXTI2_IRQHandler
                0x000000000800351c                TIM1_CC_IRQHandler
                0x000000000800351c                TSC_IRQHandler
                0x000000000800351c                TAMP_STAMP_IRQHandler
                0x000000000800351c                EXTI3_IRQHandler
                0x000000000800351c                LPTIM2_IRQHandler
                0x000000000800351c                I2C3_ER_IRQHandler
                0x000000000800351c                EXTI0_IRQHandler
                0x000000000800351c                CAN1_RX0_IRQHandler
                0x000000000800351c                FPU_IRQHandler
                0x000000000800351c                TIM1_UP_TIM16_IRQHandler
                0x000000000800351c                SPI1_IRQHandler
                0x000000000800351c                TIM6_DAC_IRQHandler
                0x000000000800351c                DMA2_Channel2_IRQHandler
                0x000000000800351c                DMA1_Channel4_IRQHandler
                0x000000000800351c                ADC1_IRQHandler
                0x000000000800351c                DMA1_Channel7_IRQHandler
                0x000000000800351c                CAN1_RX1_IRQHandler
                0x000000000800351c                DMA2_Channel1_IRQHandler
                0x000000000800351c                QUADSPI_IRQHandler
                0x000000000800351c                I2C1_EV_IRQHandler
                0x000000000800351c                DMA1_Channel6_IRQHandler
                0x000000000800351c                DMA2_Channel4_IRQHandler
                0x000000000800351c                RCC_IRQHandler
                0x000000000800351c                TIM1_TRG_COM_IRQHandler
                0x000000000800351c                DMA1_Channel1_IRQHandler
                0x000000000800351c                Default_Handler
                0x000000000800351c                DMA2_Channel7_IRQHandler
                0x000000000800351c                EXTI15_10_IRQHandler
                0x000000000800351c                TIM7_IRQHandler
                0x000000000800351c                I2C3_EV_IRQHandler
                0x000000000800351c                USB_IRQHandler
                0x000000000800351c                EXTI9_5_IRQHandler
                0x000000000800351c                RTC_WKUP_IRQHandler
                0x000000000800351c                PVD_PVM_IRQHandler
                0x000000000800351c                CAN1_TX_IRQHandler
                0x000000000800351c                DMA2_Channel5_IRQHandler
                0x000000000800351c                CRS_IRQHandler
                0x000000000800351c                DMA1_Channel5_IRQHandler
                0x000000000800351c                EXTI4_IRQHandler
                0x000000000800351c                RNG_IRQHandler
                0x000000000800351c                DMA1_Channel3_IRQHandler
                0x000000000800351c                COMP_IRQHandler
                0x000000000800351c                WWDG_IRQHandler
                0x000000000800351c                LPUART1_IRQHandler
                0x000000000800351c                DMA2_Channel6_IRQHandler
                0x000000000800351c                TIM2_IRQHandler
                0x000000000800351c                EXTI1_IRQHandler
                0x000000000800351c                USART2_IRQHandler
                0x000000000800351c                DMA1_Channel2_IRQHandler
                0x000000000800351c                CAN1_SCE_IRQHandler
                0x000000000800351c                FLASH_IRQHandler
                0x000000000800351c                USART1_IRQHandler
                0x000000000800351c                SPI3_IRQHandler
                0x000000000800351c                I2C1_ER_IRQHandler
                0x000000000800351c                SWPMI1_IRQHandler
                0x000000000800351c                LPTIM1_IRQHandler
                0x000000000800351c                SAI1_IRQHandler
                0x000000000800351c                DMA2_Channel3_IRQHandler
                0x000000000800351c                TIM1_BRK_TIM15_IRQHandler
 *fill*         0x000000000800351e        0x2 
 .text.__errno  0x0000000008003520        0xc /home/slitmano/CLionProjects/Moisture_sensor_node/Tools/gcc-arm-none-eabi-10.3-2021.10/bin/../lib/gcc/arm-none-eabi/10.3.1/../../../../arm-none-eabi/lib/thumb/v7e-m/nofp/libg.a(lib_a-errno.o)
                0x0000000008003520                __errno
 .text.__libc_init_array
                0x000000000800352c       0x48 /home/slitmano/CLionProjects/Moisture_sensor_node/Tools/gcc-arm-none-eabi-10.3-2021.10/bin/../lib/gcc/arm-none-eabi/10.3.1/../../../../arm-none-eabi/lib/thumb/v7e-m/nofp/libg.a(lib_a-init.o)
                0x000000000800352c                __libc_init_array
 .text.memset   0x0000000008003574       0xa4 /home/slitmano/CLionProjects/Moisture_sensor_node/Tools/gcc-arm-none-eabi-10.3-2021.10/bin/../lib/gcc/arm-none-eabi/10.3.1/../../../../arm-none-eabi/lib/thumb/v7e-m/nofp/libg.a(lib_a-memset.o)
                0x0000000008003574                memset
 .text.printf   0x0000000008003618       0x28 /home/slitmano/CLionProjects/Moisture_sensor_node/Tools/gcc-arm-none-eabi-10.3-2021.10/bin/../lib/gcc/arm-none-eabi/10.3.1/../../../../arm-none-eabi/lib/thumb/v7e-m/nofp/libg.a(lib_a-printf.o)
                0x0000000008003618                printf
 .text.sprintf  0x0000000008003640       0x40 /home/slitmano/CLionProjects/Moisture_sensor_node/Tools/gcc-arm-none-eabi-10.3-2021.10/bin/../lib/gcc/arm-none-eabi/10.3.1/../../../../arm-none-eabi/lib/thumb/v7e-m/nofp/libg.a(lib_a-sprintf.o)
                0x0000000008003640                sprintf
 .text._svfprintf_r
                0x0000000008003680     0x1a3c /home/slitmano/CLionProjects/Moisture_sensor_node/Tools/gcc-arm-none-eabi-10.3-2021.10/bin/../lib/gcc/arm-none-eabi/10.3.1/../../../../arm-none-eabi/lib/thumb/v7e-m/nofp/libg.a(lib_a-svfprintf.o)
                0x0000000008003680                _svfprintf_r
 .text._vfprintf_r
                0x00000000080050bc     0x1ad4 /home/slitmano/CLionProjects/Moisture_sensor_node/Tools/gcc-arm-none-eabi-10.3-2021.10/bin/../lib/gcc/arm-none-eabi/10.3.1/../../../../arm-none-eabi/lib/thumb/v7e-m/nofp/libg.a(lib_a-vfprintf.o)
                0x00000000080050bc                _vfprintf_r
 .text.__sbprintf
                0x0000000008006b90       0x80 /home/slitmano/CLionProjects/Moisture_sensor_node/Tools/gcc-arm-none-eabi-10.3-2021.10/bin/../lib/gcc/arm-none-eabi/10.3.1/../../../../arm-none-eabi/lib/thumb/v7e-m/nofp/libg.a(lib_a-vfprintf.o)
 .text.__swsetup_r
                0x0000000008006c10       0xd4 /home/slitmano/CLionProjects/Moisture_sensor_node/Tools/gcc-arm-none-eabi-10.3-2021.10/bin/../lib/gcc/arm-none-eabi/10.3.1/../../../../arm-none-eabi/lib/thumb/v7e-m/nofp/libg.a(lib_a-wsetup.o)
                0x0000000008006c10                __swsetup_r
 .text.startup.register_fini
                0x0000000008006ce4       0x14 /home/slitmano/CLionProjects/Moisture_sensor_node/Tools/gcc-arm-none-eabi-10.3-2021.10/bin/../lib/gcc/arm-none-eabi/10.3.1/../../../../arm-none-eabi/lib/thumb/v7e-m/nofp/libg.a(lib_a-__call_atexit.o)
 .text.atexit   0x0000000008006cf8        0xc /home/slitmano/CLionProjects/Moisture_sensor_node/Tools/gcc-arm-none-eabi-10.3-2021.10/bin/../lib/gcc/arm-none-eabi/10.3.1/../../../../arm-none-eabi/lib/thumb/v7e-m/nofp/libg.a(lib_a-atexit.o)
                0x0000000008006cf8                atexit
 .text.quorem   0x0000000008006d04      0x124 /home/slitmano/CLionProjects/Moisture_sensor_node/Tools/gcc-arm-none-eabi-10.3-2021.10/bin/../lib/gcc/arm-none-eabi/10.3.1/../../../../arm-none-eabi/lib/thumb/v7e-m/nofp/libg.a(lib_a-dtoa.o)
 .text._dtoa_r  0x0000000008006e28      0xec4 /home/slitmano/CLionProjects/Moisture_sensor_node/Tools/gcc-arm-none-eabi-10.3-2021.10/bin/../lib/gcc/arm-none-eabi/10.3.1/../../../../arm-none-eabi/lib/thumb/v7e-m/nofp/libg.a(lib_a-dtoa.o)
                0x0000000008006e28                _dtoa_r
 .text.__sflush_r
                0x0000000008007cec      0x120 /home/slitmano/CLionProjects/Moisture_sensor_node/Tools/gcc-arm-none-eabi-10.3-2021.10/bin/../lib/gcc/arm-none-eabi/10.3.1/../../../../arm-none-eabi/lib/thumb/v7e-m/nofp/libg.a(lib_a-fflush.o)
                0x0000000008007cec                __sflush_r
 .text._fflush_r
                0x0000000008007e0c       0x5c /home/slitmano/CLionProjects/Moisture_sensor_node/Tools/gcc-arm-none-eabi-10.3-2021.10/bin/../lib/gcc/arm-none-eabi/10.3.1/../../../../arm-none-eabi/lib/thumb/v7e-m/nofp/libg.a(lib_a-fflush.o)
                0x0000000008007e0c                _fflush_r
 .text._cleanup_r
                0x0000000008007e68        0xc /home/slitmano/CLionProjects/Moisture_sensor_node/Tools/gcc-arm-none-eabi-10.3-2021.10/bin/../lib/gcc/arm-none-eabi/10.3.1/../../../../arm-none-eabi/lib/thumb/v7e-m/nofp/libg.a(lib_a-findfp.o)
                0x0000000008007e68                _cleanup_r
 .text.__sinit  0x0000000008007e74      0x10c /home/slitmano/CLionProjects/Moisture_sensor_node/Tools/gcc-arm-none-eabi-10.3-2021.10/bin/../lib/gcc/arm-none-eabi/10.3.1/../../../../arm-none-eabi/lib/thumb/v7e-m/nofp/libg.a(lib_a-findfp.o)
                0x0000000008007e74                __sinit
 .text.__sfp_lock_acquire
                0x0000000008007f80        0xc /home/slitmano/CLionProjects/Moisture_sensor_node/Tools/gcc-arm-none-eabi-10.3-2021.10/bin/../lib/gcc/arm-none-eabi/10.3.1/../../../../arm-none-eabi/lib/thumb/v7e-m/nofp/libg.a(lib_a-findfp.o)
                0x0000000008007f80                __sfp_lock_acquire
 .text.__sfp_lock_release
                0x0000000008007f8c        0xc /home/slitmano/CLionProjects/Moisture_sensor_node/Tools/gcc-arm-none-eabi-10.3-2021.10/bin/../lib/gcc/arm-none-eabi/10.3.1/../../../../arm-none-eabi/lib/thumb/v7e-m/nofp/libg.a(lib_a-findfp.o)
                0x0000000008007f8c                __sfp_lock_release
 .text.__libc_fini_array
                0x0000000008007f98       0x2c /home/slitmano/CLionProjects/Moisture_sensor_node/Tools/gcc-arm-none-eabi-10.3-2021.10/bin/../lib/gcc/arm-none-eabi/10.3.1/../../../../arm-none-eabi/lib/thumb/v7e-m/nofp/libg.a(lib_a-fini.o)
                0x0000000008007f98                __libc_fini_array
 .text._malloc_trim_r
                0x0000000008007fc4       0xa0 /home/slitmano/CLionProjects/Moisture_sensor_node/Tools/gcc-arm-none-eabi-10.3-2021.10/bin/../lib/gcc/arm-none-eabi/10.3.1/../../../../arm-none-eabi/lib/thumb/v7e-m/nofp/libg.a(lib_a-freer.o)
                0x0000000008007fc4                _malloc_trim_r
 .text._free_r  0x0000000008008064      0x20c /home/slitmano/CLionProjects/Moisture_sensor_node/Tools/gcc-arm-none-eabi-10.3-2021.10/bin/../lib/gcc/arm-none-eabi/10.3.1/../../../../arm-none-eabi/lib/thumb/v7e-m/nofp/libg.a(lib_a-freer.o)
                0x0000000008008064                _free_r
 .text._fwalk_reent
                0x0000000008008270       0x48 /home/slitmano/CLionProjects/Moisture_sensor_node/Tools/gcc-arm-none-eabi-10.3-2021.10/bin/../lib/gcc/arm-none-eabi/10.3.1/../../../../arm-none-eabi/lib/thumb/v7e-m/nofp/libg.a(lib_a-fwalk.o)
                0x0000000008008270                _fwalk_reent
 .text._localeconv_r
                0x00000000080082b8        0x8 /home/slitmano/CLionProjects/Moisture_sensor_node/Tools/gcc-arm-none-eabi-10.3-2021.10/bin/../lib/gcc/arm-none-eabi/10.3.1/../../../../arm-none-eabi/lib/thumb/v7e-m/nofp/libg.a(lib_a-localeconv.o)
                0x00000000080082b8                _localeconv_r
 .text.__retarget_lock_init_recursive
                0x00000000080082c0        0x4 /home/slitmano/CLionProjects/Moisture_sensor_node/Tools/gcc-arm-none-eabi-10.3-2021.10/bin/../lib/gcc/arm-none-eabi/10.3.1/../../../../arm-none-eabi/lib/thumb/v7e-m/nofp/libg.a(lib_a-lock.o)
                0x00000000080082c0                __retarget_lock_init_recursive
 .text.__retarget_lock_close_recursive
                0x00000000080082c4        0x4 /home/slitmano/CLionProjects/Moisture_sensor_node/Tools/gcc-arm-none-eabi-10.3-2021.10/bin/../lib/gcc/arm-none-eabi/10.3.1/../../../../arm-none-eabi/lib/thumb/v7e-m/nofp/libg.a(lib_a-lock.o)
                0x00000000080082c4                __retarget_lock_close_recursive
 .text.__retarget_lock_acquire_recursive
                0x00000000080082c8        0x4 /home/slitmano/CLionProjects/Moisture_sensor_node/Tools/gcc-arm-none-eabi-10.3-2021.10/bin/../lib/gcc/arm-none-eabi/10.3.1/../../../../arm-none-eabi/lib/thumb/v7e-m/nofp/libg.a(lib_a-lock.o)
                0x00000000080082c8                __retarget_lock_acquire_recursive
 .text.__retarget_lock_release_recursive
                0x00000000080082cc        0x4 /home/slitmano/CLionProjects/Moisture_sensor_node/Tools/gcc-arm-none-eabi-10.3-2021.10/bin/../lib/gcc/arm-none-eabi/10.3.1/../../../../arm-none-eabi/lib/thumb/v7e-m/nofp/libg.a(lib_a-lock.o)
                0x00000000080082cc                __retarget_lock_release_recursive
 .text.__smakebuf_r
                0x00000000080082d0       0xe0 /home/slitmano/CLionProjects/Moisture_sensor_node/Tools/gcc-arm-none-eabi-10.3-2021.10/bin/../lib/gcc/arm-none-eabi/10.3.1/../../../../arm-none-eabi/lib/thumb/v7e-m/nofp/libg.a(lib_a-makebuf.o)
                0x00000000080082d0                __smakebuf_r
 .text._malloc_r
                0x00000000080083b0      0x560 /home/slitmano/CLionProjects/Moisture_sensor_node/Tools/gcc-arm-none-eabi-10.3-2021.10/bin/../lib/gcc/arm-none-eabi/10.3.1/../../../../arm-none-eabi/lib/thumb/v7e-m/nofp/libg.a(lib_a-mallocr.o)
                0x00000000080083b0                _malloc_r
 .text.__malloc_lock
                0x0000000008008910        0xc /home/slitmano/CLionProjects/Moisture_sensor_node/Tools/gcc-arm-none-eabi-10.3-2021.10/bin/../lib/gcc/arm-none-eabi/10.3.1/../../../../arm-none-eabi/lib/thumb/v7e-m/nofp/libg.a(lib_a-mlock.o)
                0x0000000008008910                __malloc_lock
 .text.__malloc_unlock
                0x000000000800891c        0xc /home/slitmano/CLionProjects/Moisture_sensor_node/Tools/gcc-arm-none-eabi-10.3-2021.10/bin/../lib/gcc/arm-none-eabi/10.3.1/../../../../arm-none-eabi/lib/thumb/v7e-m/nofp/libg.a(lib_a-mlock.o)
                0x000000000800891c                __malloc_unlock
 .text._Balloc  0x0000000008008928       0x4c /home/slitmano/CLionProjects/Moisture_sensor_node/Tools/gcc-arm-none-eabi-10.3-2021.10/bin/../lib/gcc/arm-none-eabi/10.3.1/../../../../arm-none-eabi/lib/thumb/v7e-m/nofp/libg.a(lib_a-mprec.o)
                0x0000000008008928                _Balloc
 .text._Bfree   0x0000000008008974       0x14 /home/slitmano/CLionProjects/Moisture_sensor_node/Tools/gcc-arm-none-eabi-10.3-2021.10/bin/../lib/gcc/arm-none-eabi/10.3.1/../../../../arm-none-eabi/lib/thumb/v7e-m/nofp/libg.a(lib_a-mprec.o)
                0x0000000008008974                _Bfree
 .text.__multadd
                0x0000000008008988       0xa0 /home/slitmano/CLionProjects/Moisture_sensor_node/Tools/gcc-arm-none-eabi-10.3-2021.10/bin/../lib/gcc/arm-none-eabi/10.3.1/../../../../arm-none-eabi/lib/thumb/v7e-m/nofp/libg.a(lib_a-mprec.o)
                0x0000000008008988                __multadd
 .text.__hi0bits
                0x0000000008008a28       0x40 /home/slitmano/CLionProjects/Moisture_sensor_node/Tools/gcc-arm-none-eabi-10.3-2021.10/bin/../lib/gcc/arm-none-eabi/10.3.1/../../../../arm-none-eabi/lib/thumb/v7e-m/nofp/libg.a(lib_a-mprec.o)
                0x0000000008008a28                __hi0bits
 .text.__lo0bits
                0x0000000008008a68       0x5c /home/slitmano/CLionProjects/Moisture_sensor_node/Tools/gcc-arm-none-eabi-10.3-2021.10/bin/../lib/gcc/arm-none-eabi/10.3.1/../../../../arm-none-eabi/lib/thumb/v7e-m/nofp/libg.a(lib_a-mprec.o)
                0x0000000008008a68                __lo0bits
 .text.__i2b    0x0000000008008ac4       0x5c /home/slitmano/CLionProjects/Moisture_sensor_node/Tools/gcc-arm-none-eabi-10.3-2021.10/bin/../lib/gcc/arm-none-eabi/10.3.1/../../../../arm-none-eabi/lib/thumb/v7e-m/nofp/libg.a(lib_a-mprec.o)
                0x0000000008008ac4                __i2b
 .text.__multiply
                0x0000000008008b20      0x15c /home/slitmano/CLionProjects/Moisture_sensor_node/Tools/gcc-arm-none-eabi-10.3-2021.10/bin/../lib/gcc/arm-none-eabi/10.3.1/../../../../arm-none-eabi/lib/thumb/v7e-m/nofp/libg.a(lib_a-mprec.o)
                0x0000000008008b20                __multiply
 .text.__pow5mult
                0x0000000008008c7c       0xc0 /home/slitmano/CLionProjects/Moisture_sensor_node/Tools/gcc-arm-none-eabi-10.3-2021.10/bin/../lib/gcc/arm-none-eabi/10.3.1/../../../../arm-none-eabi/lib/thumb/v7e-m/nofp/libg.a(lib_a-mprec.o)
                0x0000000008008c7c                __pow5mult
 .text.__lshift
                0x0000000008008d3c       0xf0 /home/slitmano/CLionProjects/Moisture_sensor_node/Tools/gcc-arm-none-eabi-10.3-2021.10/bin/../lib/gcc/arm-none-eabi/10.3.1/../../../../arm-none-eabi/lib/thumb/v7e-m/nofp/libg.a(lib_a-mprec.o)
                0x0000000008008d3c                __lshift
 .text.__mcmp   0x0000000008008e2c       0x40 /home/slitmano/CLionProjects/Moisture_sensor_node/Tools/gcc-arm-none-eabi-10.3-2021.10/bin/../lib/gcc/arm-none-eabi/10.3.1/../../../../arm-none-eabi/lib/thumb/v7e-m/nofp/libg.a(lib_a-mprec.o)
                0x0000000008008e2c                __mcmp
 .text.__mdiff  0x0000000008008e6c      0x14c /home/slitmano/CLionProjects/Moisture_sensor_node/Tools/gcc-arm-none-eabi-10.3-2021.10/bin/../lib/gcc/arm-none-eabi/10.3.1/../../../../arm-none-eabi/lib/thumb/v7e-m/nofp/libg.a(lib_a-mprec.o)
                0x0000000008008e6c                __mdiff
 .text.__d2b    0x0000000008008fb8       0xc4 /home/slitmano/CLionProjects/Moisture_sensor_node/Tools/gcc-arm-none-eabi-10.3-2021.10/bin/../lib/gcc/arm-none-eabi/10.3.1/../../../../arm-none-eabi/lib/thumb/v7e-m/nofp/libg.a(lib_a-mprec.o)
                0x0000000008008fb8                __d2b
 .text.frexp    0x000000000800907c       0x70 /home/slitmano/CLionProjects/Moisture_sensor_node/Tools/gcc-arm-none-eabi-10.3-2021.10/bin/../lib/gcc/arm-none-eabi/10.3.1/../../../../arm-none-eabi/lib/thumb/v7e-m/nofp/libg.a(lib_a-s_frexp.o)
                0x000000000800907c                frexp
 .text._sbrk_r  0x00000000080090ec       0x24 /home/slitmano/CLionProjects/Moisture_sensor_node/Tools/gcc-arm-none-eabi-10.3-2021.10/bin/../lib/gcc/arm-none-eabi/10.3.1/../../../../arm-none-eabi/lib/thumb/v7e-m/nofp/libg.a(lib_a-sbrkr.o)
                0x00000000080090ec                _sbrk_r
 .text.__sread  0x0000000008009110       0x24 /home/slitmano/CLionProjects/Moisture_sensor_node/Tools/gcc-arm-none-eabi-10.3-2021.10/bin/../lib/gcc/arm-none-eabi/10.3.1/../../../../arm-none-eabi/lib/thumb/v7e-m/nofp/libg.a(lib_a-stdio.o)
                0x0000000008009110                __sread
 .text.__swrite
                0x0000000008009134       0x40 /home/slitmano/CLionProjects/Moisture_sensor_node/Tools/gcc-arm-none-eabi-10.3-2021.10/bin/../lib/gcc/arm-none-eabi/10.3.1/../../../../arm-none-eabi/lib/thumb/v7e-m/nofp/libg.a(lib_a-stdio.o)
                0x0000000008009134                __swrite
 .text.__sseek  0x0000000008009174       0x20 /home/slitmano/CLionProjects/Moisture_sensor_node/Tools/gcc-arm-none-eabi-10.3-2021.10/bin/../lib/gcc/arm-none-eabi/10.3.1/../../../../arm-none-eabi/lib/thumb/v7e-m/nofp/libg.a(lib_a-stdio.o)
                0x0000000008009174                __sseek
 .text.__sclose
                0x0000000008009194        0x8 /home/slitmano/CLionProjects/Moisture_sensor_node/Tools/gcc-arm-none-eabi-10.3-2021.10/bin/../lib/gcc/arm-none-eabi/10.3.1/../../../../arm-none-eabi/lib/thumb/v7e-m/nofp/libg.a(lib_a-stdio.o)
                0x0000000008009194                __sclose
 .text.strncpy  0x000000000800919c       0x64 /home/slitmano/CLionProjects/Moisture_sensor_node/Tools/gcc-arm-none-eabi-10.3-2021.10/bin/../lib/gcc/arm-none-eabi/10.3.1/../../../../arm-none-eabi/lib/thumb/v7e-m/nofp/libg.a(lib_a-strncpy.o)
                0x000000000800919c                strncpy
 .text.__ssprint_r
                0x0000000008009200       0xf8 /home/slitmano/CLionProjects/Moisture_sensor_node/Tools/gcc-arm-none-eabi-10.3-2021.10/bin/../lib/gcc/arm-none-eabi/10.3.1/../../../../arm-none-eabi/lib/thumb/v7e-m/nofp/libg.a(lib_a-svfiprintf.o)
                0x0000000008009200                __ssprint_r
 .text.__sprint_r.part.0
                0x00000000080092f8       0x78 /home/slitmano/CLionProjects/Moisture_sensor_node/Tools/gcc-arm-none-eabi-10.3-2021.10/bin/../lib/gcc/arm-none-eabi/10.3.1/../../../../arm-none-eabi/lib/thumb/v7e-m/nofp/libg.a(lib_a-vfiprintf.o)
 .text.__sprint_r
                0x0000000008009370       0x14 /home/slitmano/CLionProjects/Moisture_sensor_node/Tools/gcc-arm-none-eabi-10.3-2021.10/bin/../lib/gcc/arm-none-eabi/10.3.1/../../../../arm-none-eabi/lib/thumb/v7e-m/nofp/libg.a(lib_a-vfiprintf.o)
                0x0000000008009370                __sprint_r
 .text._vfiprintf_r
                0x0000000008009384      0xda0 /home/slitmano/CLionProjects/Moisture_sensor_node/Tools/gcc-arm-none-eabi-10.3-2021.10/bin/../lib/gcc/arm-none-eabi/10.3.1/../../../../arm-none-eabi/lib/thumb/v7e-m/nofp/libg.a(lib_a-vfiprintf.o)
                0x0000000008009384                _vfiprintf_r
 .text.__sbprintf
                0x000000000800a124       0x80 /home/slitmano/CLionProjects/Moisture_sensor_node/Tools/gcc-arm-none-eabi-10.3-2021.10/bin/../lib/gcc/arm-none-eabi/10.3.1/../../../../arm-none-eabi/lib/thumb/v7e-m/nofp/libg.a(lib_a-vfiprintf.o)
 .text._write_r
                0x000000000800a1a4       0x2c /home/slitmano/CLionProjects/Moisture_sensor_node/Tools/gcc-arm-none-eabi-10.3-2021.10/bin/../lib/gcc/arm-none-eabi/10.3.1/../../../../arm-none-eabi/lib/thumb/v7e-m/nofp/libg.a(lib_a-writer.o)
                0x000000000800a1a4                _write_r
 .text.__register_exitproc
                0x000000000800a1d0       0x8c /home/slitmano/CLionProjects/Moisture_sensor_node/Tools/gcc-arm-none-eabi-10.3-2021.10/bin/../lib/gcc/arm-none-eabi/10.3.1/../../../../arm-none-eabi/lib/thumb/v7e-m/nofp/libg.a(lib_a-__atexit.o)
                0x000000000800a1d0                __register_exitproc
 .text.__assert_func
                0x000000000800a25c       0x40 /home/slitmano/CLionProjects/Moisture_sensor_node/Tools/gcc-arm-none-eabi-10.3-2021.10/bin/../lib/gcc/arm-none-eabi/10.3.1/../../../../arm-none-eabi/lib/thumb/v7e-m/nofp/libg.a(lib_a-assert.o)
                0x000000000800a25c                __assert_func
 .text._calloc_r
                0x000000000800a29c       0x78 /home/slitmano/CLionProjects/Moisture_sensor_node/Tools/gcc-arm-none-eabi-10.3-2021.10/bin/../lib/gcc/arm-none-eabi/10.3.1/../../../../arm-none-eabi/lib/thumb/v7e-m/nofp/libg.a(lib_a-callocr.o)
                0x000000000800a29c                _calloc_r
 .text._close_r
                0x000000000800a314       0x24 /home/slitmano/CLionProjects/Moisture_sensor_node/Tools/gcc-arm-none-eabi-10.3-2021.10/bin/../lib/gcc/arm-none-eabi/10.3.1/../../../../arm-none-eabi/lib/thumb/v7e-m/nofp/libg.a(lib_a-closer.o)
                0x000000000800a314                _close_r
 .text._fclose_r
                0x000000000800a338       0xcc /home/slitmano/CLionProjects/Moisture_sensor_node/Tools/gcc-arm-none-eabi-10.3-2021.10/bin/../lib/gcc/arm-none-eabi/10.3.1/../../../../arm-none-eabi/lib/thumb/v7e-m/nofp/libg.a(lib_a-fclose.o)
                0x000000000800a338                _fclose_r
 .text.fiprintf
                0x000000000800a404       0x28 /home/slitmano/CLionProjects/Moisture_sensor_node/Tools/gcc-arm-none-eabi-10.3-2021.10/bin/../lib/gcc/arm-none-eabi/10.3.1/../../../../arm-none-eabi/lib/thumb/v7e-m/nofp/libg.a(lib_a-fiprintf.o)
                0x000000000800a404                fiprintf
 .text.__fputwc
                0x000000000800a42c       0xa8 /home/slitmano/CLionProjects/Moisture_sensor_node/Tools/gcc-arm-none-eabi-10.3-2021.10/bin/../lib/gcc/arm-none-eabi/10.3.1/../../../../arm-none-eabi/lib/thumb/v7e-m/nofp/libg.a(lib_a-fputwc.o)
                0x000000000800a42c                __fputwc
 .text._fputwc_r
                0x000000000800a4d4       0x68 /home/slitmano/CLionProjects/Moisture_sensor_node/Tools/gcc-arm-none-eabi-10.3-2021.10/bin/../lib/gcc/arm-none-eabi/10.3.1/../../../../arm-none-eabi/lib/thumb/v7e-m/nofp/libg.a(lib_a-fputwc.o)
                0x000000000800a4d4                _fputwc_r
 .text._fstat_r
                0x000000000800a53c       0x2c /home/slitmano/CLionProjects/Moisture_sensor_node/Tools/gcc-arm-none-eabi-10.3-2021.10/bin/../lib/gcc/arm-none-eabi/10.3.1/../../../../arm-none-eabi/lib/thumb/v7e-m/nofp/libg.a(lib_a-fstatr.o)
                0x000000000800a53c                _fstat_r
 .text.__sfvwrite_r
                0x000000000800a568      0x2e8 /home/slitmano/CLionProjects/Moisture_sensor_node/Tools/gcc-arm-none-eabi-10.3-2021.10/bin/../lib/gcc/arm-none-eabi/10.3.1/../../../../arm-none-eabi/lib/thumb/v7e-m/nofp/libg.a(lib_a-fvwrite.o)
                0x000000000800a568                __sfvwrite_r
 .text._isatty_r
                0x000000000800a850       0x24 /home/slitmano/CLionProjects/Moisture_sensor_node/Tools/gcc-arm-none-eabi-10.3-2021.10/bin/../lib/gcc/arm-none-eabi/10.3.1/../../../../arm-none-eabi/lib/thumb/v7e-m/nofp/libg.a(lib_a-isattyr.o)
                0x000000000800a850                _isatty_r
 .text.__locale_mb_cur_max
                0x000000000800a874        0xc /home/slitmano/CLionProjects/Moisture_sensor_node/Tools/gcc-arm-none-eabi-10.3-2021.10/bin/../lib/gcc/arm-none-eabi/10.3.1/../../../../arm-none-eabi/lib/thumb/v7e-m/nofp/libg.a(lib_a-locale.o)
                0x000000000800a874                __locale_mb_cur_max
 .text._lseek_r
                0x000000000800a880       0x2c /home/slitmano/CLionProjects/Moisture_sensor_node/Tools/gcc-arm-none-eabi-10.3-2021.10/bin/../lib/gcc/arm-none-eabi/10.3.1/../../../../arm-none-eabi/lib/thumb/v7e-m/nofp/libg.a(lib_a-lseekr.o)
                0x000000000800a880                _lseek_r
 .text.__ascii_mbtowc
                0x000000000800a8ac       0x2c /home/slitmano/CLionProjects/Moisture_sensor_node/Tools/gcc-arm-none-eabi-10.3-2021.10/bin/../lib/gcc/arm-none-eabi/10.3.1/../../../../arm-none-eabi/lib/thumb/v7e-m/nofp/libg.a(lib_a-mbtowc_r.o)
                0x000000000800a8ac                __ascii_mbtowc
 .text.memmove  0x000000000800a8d8       0xf8 /home/slitmano/CLionProjects/Moisture_sensor_node/Tools/gcc-arm-none-eabi-10.3-2021.10/bin/../lib/gcc/arm-none-eabi/10.3.1/../../../../arm-none-eabi/lib/thumb/v7e-m/nofp/libg.a(lib_a-memmove.o)
                0x000000000800a8d8                memmove
 .text._read_r  0x000000000800a9d0       0x2c /home/slitmano/CLionProjects/Moisture_sensor_node/Tools/gcc-arm-none-eabi-10.3-2021.10/bin/../lib/gcc/arm-none-eabi/10.3.1/../../../../arm-none-eabi/lib/thumb/v7e-m/nofp/libg.a(lib_a-readr.o)
                0x000000000800a9d0                _read_r
 .text._realloc_r
                0x000000000800a9fc      0x3d8 /home/slitmano/CLionProjects/Moisture_sensor_node/Tools/gcc-arm-none-eabi-10.3-2021.10/bin/../lib/gcc/arm-none-eabi/10.3.1/../../../../arm-none-eabi/lib/thumb/v7e-m/nofp/libg.a(lib_a-reallocr.o)
                0x000000000800a9fc                _realloc_r
 .text.__swbuf_r
                0x000000000800add4       0xb0 /home/slitmano/CLionProjects/Moisture_sensor_node/Tools/gcc-arm-none-eabi-10.3-2021.10/bin/../lib/gcc/arm-none-eabi/10.3.1/../../../../arm-none-eabi/lib/thumb/v7e-m/nofp/libg.a(lib_a-wbuf.o)
                0x000000000800add4                __swbuf_r
 .text._wcrtomb_r
                0x000000000800ae84       0x3c /home/slitmano/CLionProjects/Moisture_sensor_node/Tools/gcc-arm-none-eabi-10.3-2021.10/bin/../lib/gcc/arm-none-eabi/10.3.1/../../../../arm-none-eabi/lib/thumb/v7e-m/nofp/libg.a(lib_a-wcrtomb.o)
                0x000000000800ae84                _wcrtomb_r
 .text.__ascii_wctomb
                0x000000000800aec0       0x1c /home/slitmano/CLionProjects/Moisture_sensor_node/Tools/gcc-arm-none-eabi-10.3-2021.10/bin/../lib/gcc/arm-none-eabi/10.3.1/../../../../arm-none-eabi/lib/thumb/v7e-m/nofp/libg.a(lib_a-wctomb_r.o)
                0x000000000800aec0                __ascii_wctomb
 .text.abort    0x000000000800aedc       0x10 /home/slitmano/CLionProjects/Moisture_sensor_node/Tools/gcc-arm-none-eabi-10.3-2021.10/bin/../lib/gcc/arm-none-eabi/10.3.1/../../../../arm-none-eabi/lib/thumb/v7e-m/nofp/libg.a(lib_a-abort.o)
                0x000000000800aedc                abort
 .text.raise    0x000000000800aeec       0x5c /home/slitmano/CLionProjects/Moisture_sensor_node/Tools/gcc-arm-none-eabi-10.3-2021.10/bin/../lib/gcc/arm-none-eabi/10.3.1/../../../../arm-none-eabi/lib/thumb/v7e-m/nofp/libg.a(lib_a-signal.o)
                0x000000000800aeec                raise
 .text._kill_r  0x000000000800af48       0x2c /home/slitmano/CLionProjects/Moisture_sensor_node/Tools/gcc-arm-none-eabi-10.3-2021.10/bin/../lib/gcc/arm-none-eabi/10.3.1/../../../../arm-none-eabi/lib/thumb/v7e-m/nofp/libg.a(lib_a-signalr.o)
                0x000000000800af48                _kill_r
 .text._getpid_r
                0x000000000800af74        0x4 /home/slitmano/CLionProjects/Moisture_sensor_node/Tools/gcc-arm-none-eabi-10.3-2021.10/bin/../lib/gcc/arm-none-eabi/10.3.1/../../../../arm-none-eabi/lib/thumb/v7e-m/nofp/libg.a(lib_a-signalr.o)
                0x000000000800af74                _getpid_r
 *(.glue_7)
 .glue_7        0x000000000800af78        0x0 linker stubs
 *(.glue_7t)
 .glue_7t       0x000000000800af78        0x0 linker stubs
 *(.eh_frame)
 .eh_frame      0x000000000800af78        0x0 /home/slitmano/CLionProjects/Moisture_sensor_node/Tools/gcc-arm-none-eabi-10.3-2021.10/bin/../lib/gcc/arm-none-eabi/10.3.1/thumb/v7e-m/nofp/crtbegin.o
 *(.init)
 .init          0x000000000800af78        0x4 /home/slitmano/CLionProjects/Moisture_sensor_node/Tools/gcc-arm-none-eabi-10.3-2021.10/bin/../lib/gcc/arm-none-eabi/10.3.1/thumb/v7e-m/nofp/crti.o
                0x000000000800af78                _init
 .init          0x000000000800af7c        0x8 /home/slitmano/CLionProjects/Moisture_sensor_node/Tools/gcc-arm-none-eabi-10.3-2021.10/bin/../lib/gcc/arm-none-eabi/10.3.1/thumb/v7e-m/nofp/crtn.o
 *(.fini)
 .fini          0x000000000800af84        0x4 /home/slitmano/CLionProjects/Moisture_sensor_node/Tools/gcc-arm-none-eabi-10.3-2021.10/bin/../lib/gcc/arm-none-eabi/10.3.1/thumb/v7e-m/nofp/crti.o
                0x000000000800af84                _fini
 .fini          0x000000000800af88        0x8 /home/slitmano/CLionProjects/Moisture_sensor_node/Tools/gcc-arm-none-eabi-10.3-2021.10/bin/../lib/gcc/arm-none-eabi/10.3.1/thumb/v7e-m/nofp/crtn.o
                0x000000000800af90                . = ALIGN (0x4)
                0x000000000800af90                _etext = .

.vfp11_veneer   0x000000000800af90        0x0
 .vfp11_veneer  0x000000000800af90        0x0 linker stubs

.v4_bx          0x000000000800af90        0x0
 .v4_bx         0x000000000800af90        0x0 linker stubs

.iplt           0x000000000800af90        0x0
 .iplt          0x000000000800af90        0x0 /home/slitmano/CLionProjects/Moisture_sensor_node/Tools/gcc-arm-none-eabi-10.3-2021.10/bin/../lib/gcc/arm-none-eabi/10.3.1/thumb/v7e-m/nofp/crtbegin.o

.rodata         0x000000000800af90      0x4f0
                0x000000000800af90                . = ALIGN (0x4)
 *(.rodata)
 *(.rodata*)
 .rodata.HumidNode_readMoistureSensor.str1.4
                0x000000000800af90       0x2e CMakeFiles/Moisture_sensor_node.elf.dir/Src/humid_node.c.obj
 *fill*         0x000000000800afbe        0x2 
 .rodata.HumidNode_toggleLed.str1.4
                0x000000000800afc0        0xb CMakeFiles/Moisture_sensor_node.elf.dir/Src/humid_node.c.obj
 *fill*         0x000000000800afcb        0x1 
 .rodata.HumidNode_mainLoop.str1.4
                0x000000000800afcc       0x24 CMakeFiles/Moisture_sensor_node.elf.dir/Src/humid_node.c.obj
 .rodata.logMessage.str1.4
                0x000000000800aff0        0xc CMakeFiles/Moisture_sensor_node.elf.dir/Src/main.c.obj
 .rodata.main.str1.4
                0x000000000800affc       0x1f CMakeFiles/Moisture_sensor_node.elf.dir/Src/main.c.obj
 *fill*         0x000000000800b01b        0x1 
 .rodata.AHBPrescTable
                0x000000000800b01c       0x10 CMakeFiles/Moisture_sensor_node.elf.dir/Src/system_stm32l4xx.c.obj
                0x000000000800b01c                AHBPrescTable
 .rodata.APBPrescTable
                0x000000000800b02c        0x8 CMakeFiles/Moisture_sensor_node.elf.dir/Src/system_stm32l4xx.c.obj
                0x000000000800b02c                APBPrescTable
 .rodata.MSIRangeTable
                0x000000000800b034       0x30 CMakeFiles/Moisture_sensor_node.elf.dir/Src/system_stm32l4xx.c.obj
                0x000000000800b034                MSIRangeTable
 .rodata._global_impure_ptr
                0x000000000800b064        0x4 /home/slitmano/CLionProjects/Moisture_sensor_node/Tools/gcc-arm-none-eabi-10.3-2021.10/bin/../lib/gcc/arm-none-eabi/10.3.1/../../../../arm-none-eabi/lib/thumb/v7e-m/nofp/libg.a(lib_a-impure.o)
                0x000000000800b064                _global_impure_ptr
 .rodata._svfprintf_r.str1.4
                0x000000000800b068       0x42 /home/slitmano/CLionProjects/Moisture_sensor_node/Tools/gcc-arm-none-eabi-10.3-2021.10/bin/../lib/gcc/arm-none-eabi/10.3.1/../../../../arm-none-eabi/lib/thumb/v7e-m/nofp/libg.a(lib_a-svfprintf.o)
 *fill*         0x000000000800b0aa        0x2 
 .rodata.blanks.1
                0x000000000800b0ac       0x10 /home/slitmano/CLionProjects/Moisture_sensor_node/Tools/gcc-arm-none-eabi-10.3-2021.10/bin/../lib/gcc/arm-none-eabi/10.3.1/../../../../arm-none-eabi/lib/thumb/v7e-m/nofp/libg.a(lib_a-svfprintf.o)
 .rodata.zeroes.0
                0x000000000800b0bc       0x10 /home/slitmano/CLionProjects/Moisture_sensor_node/Tools/gcc-arm-none-eabi-10.3-2021.10/bin/../lib/gcc/arm-none-eabi/10.3.1/../../../../arm-none-eabi/lib/thumb/v7e-m/nofp/libg.a(lib_a-svfprintf.o)
 .rodata._vfprintf_r.str1.4
                0x000000000800b0cc       0x42 /home/slitmano/CLionProjects/Moisture_sensor_node/Tools/gcc-arm-none-eabi-10.3-2021.10/bin/../lib/gcc/arm-none-eabi/10.3.1/../../../../arm-none-eabi/lib/thumb/v7e-m/nofp/libg.a(lib_a-vfprintf.o)
 .rodata.blanks.1
                0x000000000800b0cc       0x10 /home/slitmano/CLionProjects/Moisture_sensor_node/Tools/gcc-arm-none-eabi-10.3-2021.10/bin/../lib/gcc/arm-none-eabi/10.3.1/../../../../arm-none-eabi/lib/thumb/v7e-m/nofp/libg.a(lib_a-vfprintf.o)
 .rodata.zeroes.0
                0x000000000800b0dc       0x10 /home/slitmano/CLionProjects/Moisture_sensor_node/Tools/gcc-arm-none-eabi-10.3-2021.10/bin/../lib/gcc/arm-none-eabi/10.3.1/../../../../arm-none-eabi/lib/thumb/v7e-m/nofp/libg.a(lib_a-vfprintf.o)
 .rodata._dtoa_r.str1.4
                0x000000000800b0ec       0xa2 /home/slitmano/CLionProjects/Moisture_sensor_node/Tools/gcc-arm-none-eabi-10.3-2021.10/bin/../lib/gcc/arm-none-eabi/10.3.1/../../../../arm-none-eabi/lib/thumb/v7e-m/nofp/libg.a(lib_a-dtoa.o)
                                         0xa6 (size before relaxing)
 *fill*         0x000000000800b18e        0x2 
 .rodata.__multadd.str1.4
                0x000000000800b190       0x7f /home/slitmano/CLionProjects/Moisture_sensor_node/Tools/gcc-arm-none-eabi-10.3-2021.10/bin/../lib/gcc/arm-none-eabi/10.3.1/../../../../arm-none-eabi/lib/thumb/v7e-m/nofp/libg.a(lib_a-mprec.o)
                                         0x93 (size before relaxing)
 *fill*         0x000000000800b20f        0x1 
 .rodata.__mprec_bigtens
                0x000000000800b210       0x28 /home/slitmano/CLionProjects/Moisture_sensor_node/Tools/gcc-arm-none-eabi-10.3-2021.10/bin/../lib/gcc/arm-none-eabi/10.3.1/../../../../arm-none-eabi/lib/thumb/v7e-m/nofp/libg.a(lib_a-mprec.o)
                0x000000000800b210                __mprec_bigtens
 .rodata.__mprec_tens
                0x000000000800b238       0xc8 /home/slitmano/CLionProjects/Moisture_sensor_node/Tools/gcc-arm-none-eabi-10.3-2021.10/bin/../lib/gcc/arm-none-eabi/10.3.1/../../../../arm-none-eabi/lib/thumb/v7e-m/nofp/libg.a(lib_a-mprec.o)
                0x000000000800b238                __mprec_tens
 .rodata.p05.0  0x000000000800b300        0xc /home/slitmano/CLionProjects/Moisture_sensor_node/Tools/gcc-arm-none-eabi-10.3-2021.10/bin/../lib/gcc/arm-none-eabi/10.3.1/../../../../arm-none-eabi/lib/thumb/v7e-m/nofp/libg.a(lib_a-mprec.o)
 .rodata._vfiprintf_r.str1.4
                0x000000000800b30c       0x2f /home/slitmano/CLionProjects/Moisture_sensor_node/Tools/gcc-arm-none-eabi-10.3-2021.10/bin/../lib/gcc/arm-none-eabi/10.3.1/../../../../arm-none-eabi/lib/thumb/v7e-m/nofp/libg.a(lib_a-vfiprintf.o)
 .rodata.blanks.1
                0x000000000800b30c       0x10 /home/slitmano/CLionProjects/Moisture_sensor_node/Tools/gcc-arm-none-eabi-10.3-2021.10/bin/../lib/gcc/arm-none-eabi/10.3.1/../../../../arm-none-eabi/lib/thumb/v7e-m/nofp/libg.a(lib_a-vfiprintf.o)
 .rodata.zeroes.0
                0x000000000800b31c       0x10 /home/slitmano/CLionProjects/Moisture_sensor_node/Tools/gcc-arm-none-eabi-10.3-2021.10/bin/../lib/gcc/arm-none-eabi/10.3.1/../../../../arm-none-eabi/lib/thumb/v7e-m/nofp/libg.a(lib_a-vfiprintf.o)
 .rodata.__assert_func.str1.4
                0x000000000800b32c       0x3f /home/slitmano/CLionProjects/Moisture_sensor_node/Tools/gcc-arm-none-eabi-10.3-2021.10/bin/../lib/gcc/arm-none-eabi/10.3.1/../../../../arm-none-eabi/lib/thumb/v7e-m/nofp/libg.a(lib_a-assert.o)
                                         0x43 (size before relaxing)
 *fill*         0x000000000800b36b        0x1 
 .rodata._setlocale_r.str1.4
                0x000000000800b36c        0xa /home/slitmano/CLionProjects/Moisture_sensor_node/Tools/gcc-arm-none-eabi-10.3-2021.10/bin/../lib/gcc/arm-none-eabi/10.3.1/../../../../arm-none-eabi/lib/thumb/v7e-m/nofp/libg.a(lib_a-locale.o)
                                          0xd (size before relaxing)
 *fill*         0x000000000800b376        0x2 
 .rodata.str1.4
                0x000000000800b378        0x2 /home/slitmano/CLionProjects/Moisture_sensor_node/Tools/gcc-arm-none-eabi-10.3-2021.10/bin/../lib/gcc/arm-none-eabi/10.3.1/../../../../arm-none-eabi/lib/thumb/v7e-m/nofp/libg.a(lib_a-locale.o)
 *fill*         0x000000000800b37a        0x2 
 .rodata._ctype_
                0x000000000800b37c      0x101 /home/slitmano/CLionProjects/Moisture_sensor_node/Tools/gcc-arm-none-eabi-10.3-2021.10/bin/../lib/gcc/arm-none-eabi/10.3.1/../../../../arm-none-eabi/lib/thumb/v7e-m/nofp/libg.a(lib_a-ctype_.o)
                0x000000000800b37c                _ctype_
                0x000000000800b480                . = ALIGN (0x4)
 *fill*         0x000000000800b47d        0x3 

.ARM.extab      0x000000000800b480        0x0
                0x000000000800b480                . = ALIGN (0x4)
 *(.ARM.extab* .gnu.linkonce.armextab.*)
                0x000000000800b480                . = ALIGN (0x4)

.ARM            0x000000000800b480        0x8
                0x000000000800b480                . = ALIGN (0x4)
                0x000000000800b480                __exidx_start = .
 *(.ARM.exidx*)
 .ARM.exidx     0x000000000800b480        0x8 /home/slitmano/CLionProjects/Moisture_sensor_node/Tools/gcc-arm-none-eabi-10.3-2021.10/bin/../lib/gcc/arm-none-eabi/10.3.1/thumb/v7e-m/nofp/libgcc.a(_udivmoddi4.o)
                0x000000000800b488                __exidx_end = .
                0x000000000800b488                . = ALIGN (0x4)

.rel.dyn        0x000000000800b488        0x0
 .rel.iplt      0x000000000800b488        0x0 /home/slitmano/CLionProjects/Moisture_sensor_node/Tools/gcc-arm-none-eabi-10.3-2021.10/bin/../lib/gcc/arm-none-eabi/10.3.1/thumb/v7e-m/nofp/crtbegin.o

.preinit_array  0x000000000800b488        0x0
                0x000000000800b488                . = ALIGN (0x4)
                0x000000000800b488                PROVIDE (__preinit_array_start = .)
 *(.preinit_array*)
                0x000000000800b488                PROVIDE (__preinit_array_end = .)
                0x000000000800b488                . = ALIGN (0x4)

.init_array     0x000000000800b488        0x8
                0x000000000800b488                . = ALIGN (0x4)
                0x000000000800b488                PROVIDE (__init_array_start = .)
 *(SORT_BY_NAME(.init_array.*))
 .init_array.00000
                0x000000000800b488        0x4 /home/slitmano/CLionProjects/Moisture_sensor_node/Tools/gcc-arm-none-eabi-10.3-2021.10/bin/../lib/gcc/arm-none-eabi/10.3.1/../../../../arm-none-eabi/lib/thumb/v7e-m/nofp/libg.a(lib_a-__call_atexit.o)
 *(.init_array*)
 .init_array    0x000000000800b48c        0x4 /home/slitmano/CLionProjects/Moisture_sensor_node/Tools/gcc-arm-none-eabi-10.3-2021.10/bin/../lib/gcc/arm-none-eabi/10.3.1/thumb/v7e-m/nofp/crtbegin.o
                0x000000000800b490                PROVIDE (__init_array_end = .)
                0x000000000800b490                . = ALIGN (0x4)

.fini_array     0x000000000800b490        0x4
                0x000000000800b490                . = ALIGN (0x4)
                0x000000000800b490                PROVIDE (__fini_array_start = .)
 *(SORT_BY_NAME(.fini_array.*))
 *(.fini_array*)
 .fini_array    0x000000000800b490        0x4 /home/slitmano/CLionProjects/Moisture_sensor_node/Tools/gcc-arm-none-eabi-10.3-2021.10/bin/../lib/gcc/arm-none-eabi/10.3.1/thumb/v7e-m/nofp/crtbegin.o
                0x000000000800b494                PROVIDE (__fini_array_end = .)
                0x000000000800b494                . = ALIGN (0x4)
                0x000000000800b494                _sidata = LOADADDR (.data)

.data           0x0000000020000000      0x9b8 load address 0x000000000800b494
                0x0000000020000000                . = ALIGN (0x4)
                0x0000000020000000                _sdata = .
 *(.data)
 *(.data*)
 .data.uwTickFreq
                0x0000000020000000        0x1 CMakeFiles/Moisture_sensor_node.elf.dir/Drivers/STM32L4xx_HAL_Driver/Src/stm32l4xx_hal.c.obj
                0x0000000020000000                uwTickFreq
 *fill*         0x0000000020000001        0x3 
 .data.uwTickPrio
                0x0000000020000004        0x4 CMakeFiles/Moisture_sensor_node.elf.dir/Drivers/STM32L4xx_HAL_Driver/Src/stm32l4xx_hal.c.obj
                0x0000000020000004                uwTickPrio
 .data.SystemCoreClock
                0x0000000020000008        0x4 CMakeFiles/Moisture_sensor_node.elf.dir/Src/system_stm32l4xx.c.obj
                0x0000000020000008                SystemCoreClock
 .data._impure_ptr
                0x000000002000000c        0x4 /home/slitmano/CLionProjects/Moisture_sensor_node/Tools/gcc-arm-none-eabi-10.3-2021.10/bin/../lib/gcc/arm-none-eabi/10.3.1/../../../../arm-none-eabi/lib/thumb/v7e-m/nofp/libg.a(lib_a-impure.o)
                0x000000002000000c                _impure_ptr
 .data.impure_data
                0x0000000020000010      0x428 /home/slitmano/CLionProjects/Moisture_sensor_node/Tools/gcc-arm-none-eabi-10.3-2021.10/bin/../lib/gcc/arm-none-eabi/10.3.1/../../../../arm-none-eabi/lib/thumb/v7e-m/nofp/libg.a(lib_a-impure.o)
 .data.__atexit_recursive_mutex
                0x0000000020000438        0x4 /home/slitmano/CLionProjects/Moisture_sensor_node/Tools/gcc-arm-none-eabi-10.3-2021.10/bin/../lib/gcc/arm-none-eabi/10.3.1/../../../../arm-none-eabi/lib/thumb/v7e-m/nofp/libg.a(lib_a-__call_atexit.o)
                0x0000000020000438                __atexit_recursive_mutex
 .data.__malloc_av_
                0x000000002000043c      0x408 /home/slitmano/CLionProjects/Moisture_sensor_node/Tools/gcc-arm-none-eabi-10.3-2021.10/bin/../lib/gcc/arm-none-eabi/10.3.1/../../../../arm-none-eabi/lib/thumb/v7e-m/nofp/libg.a(lib_a-mallocr.o)
                0x000000002000043c                __malloc_av_
 .data.__malloc_sbrk_base
                0x0000000020000844        0x4 /home/slitmano/CLionProjects/Moisture_sensor_node/Tools/gcc-arm-none-eabi-10.3-2021.10/bin/../lib/gcc/arm-none-eabi/10.3.1/../../../../arm-none-eabi/lib/thumb/v7e-m/nofp/libg.a(lib_a-mallocr.o)
                0x0000000020000844                __malloc_sbrk_base
 .data.__malloc_trim_threshold
                0x0000000020000848        0x4 /home/slitmano/CLionProjects/Moisture_sensor_node/Tools/gcc-arm-none-eabi-10.3-2021.10/bin/../lib/gcc/arm-none-eabi/10.3.1/../../../../arm-none-eabi/lib/thumb/v7e-m/nofp/libg.a(lib_a-mallocr.o)
                0x0000000020000848                __malloc_trim_threshold
 .data.__global_locale
                0x000000002000084c      0x16c /home/slitmano/CLionProjects/Moisture_sensor_node/Tools/gcc-arm-none-eabi-10.3-2021.10/bin/../lib/gcc/arm-none-eabi/10.3.1/../../../../arm-none-eabi/lib/thumb/v7e-m/nofp/libg.a(lib_a-locale.o)
                0x000000002000084c                __global_locale
 *(.RamFunc)
 *(.RamFunc*)
                0x00000000200009b8                . = ALIGN (0x4)
                0x00000000200009b8                _edata = .

.igot.plt       0x00000000200009b8        0x0 load address 0x000000000800be4c
 .igot.plt      0x00000000200009b8        0x0 /home/slitmano/CLionProjects/Moisture_sensor_node/Tools/gcc-arm-none-eabi-10.3-2021.10/bin/../lib/gcc/arm-none-eabi/10.3.1/thumb/v7e-m/nofp/crtbegin.o
                0x00000000200009b8                . = ALIGN (0x4)

.bss            0x00000000200009b8      0x1c8 load address 0x000000000800be4c
                0x00000000200009b8                _sbss = .
                0x00000000200009b8                __bss_start__ = _sbss
 *(.bss)
 .bss           0x00000000200009b8       0x1c /home/slitmano/CLionProjects/Moisture_sensor_node/Tools/gcc-arm-none-eabi-10.3-2021.10/bin/../lib/gcc/arm-none-eabi/10.3.1/thumb/v7e-m/nofp/crtbegin.o
 *(.bss*)
 .bss.uwTick    0x00000000200009d4        0x4 CMakeFiles/Moisture_sensor_node.elf.dir/Drivers/STM32L4xx_HAL_Driver/Src/stm32l4xx_hal.c.obj
                0x00000000200009d4                uwTick
 .bss.hadc1     0x00000000200009d8       0x64 CMakeFiles/Moisture_sensor_node.elf.dir/Src/main.c.obj
                0x00000000200009d8                hadc1
 .bss.huart2    0x0000000020000a3c       0x88 CMakeFiles/Moisture_sensor_node.elf.dir/Src/main.c.obj
                0x0000000020000a3c                huart2
 .bss.humidNode
                0x0000000020000ac4       0x70 CMakeFiles/Moisture_sensor_node.elf.dir/Src/main.c.obj
                0x0000000020000ac4                humidNode
 .bss.__sbrk_heap_end
                0x0000000020000b34        0x4 CMakeFiles/Moisture_sensor_node.elf.dir/Src/sysmem.c.obj
 .bss.__lock___atexit_recursive_mutex
                0x0000000020000b38        0x1 /home/slitmano/CLionProjects/Moisture_sensor_node/Tools/gcc-arm-none-eabi-10.3-2021.10/bin/../lib/gcc/arm-none-eabi/10.3.1/../../../../arm-none-eabi/lib/thumb/v7e-m/nofp/libg.a(lib_a-lock.o)
                0x0000000020000b38                __lock___atexit_recursive_mutex
 *fill*         0x0000000020000b39        0x3 
 .bss.__lock___malloc_recursive_mutex
                0x0000000020000b3c        0x1 /home/slitmano/CLionProjects/Moisture_sensor_node/Tools/gcc-arm-none-eabi-10.3-2021.10/bin/../lib/gcc/arm-none-eabi/10.3.1/../../../../arm-none-eabi/lib/thumb/v7e-m/nofp/libg.a(lib_a-lock.o)
                0x0000000020000b3c                __lock___malloc_recursive_mutex
 *fill*         0x0000000020000b3d        0x3 
 .bss.__lock___sfp_recursive_mutex
                0x0000000020000b40        0x1 /home/slitmano/CLionProjects/Moisture_sensor_node/Tools/gcc-arm-none-eabi-10.3-2021.10/bin/../lib/gcc/arm-none-eabi/10.3.1/../../../../arm-none-eabi/lib/thumb/v7e-m/nofp/libg.a(lib_a-lock.o)
                0x0000000020000b40                __lock___sfp_recursive_mutex
 *fill*         0x0000000020000b41        0x3 
 .bss.__lock___sinit_recursive_mutex
                0x0000000020000b44        0x1 /home/slitmano/CLionProjects/Moisture_sensor_node/Tools/gcc-arm-none-eabi-10.3-2021.10/bin/../lib/gcc/arm-none-eabi/10.3.1/../../../../arm-none-eabi/lib/thumb/v7e-m/nofp/libg.a(lib_a-lock.o)
                0x0000000020000b44                __lock___sinit_recursive_mutex
 *fill*         0x0000000020000b45        0x3 
 .bss.__malloc_current_mallinfo
                0x0000000020000b48       0x28 /home/slitmano/CLionProjects/Moisture_sensor_node/Tools/gcc-arm-none-eabi-10.3-2021.10/bin/../lib/gcc/arm-none-eabi/10.3.1/../../../../arm-none-eabi/lib/thumb/v7e-m/nofp/libg.a(lib_a-mallocr.o)
                0x0000000020000b48                __malloc_current_mallinfo
 .bss.__malloc_max_sbrked_mem
                0x0000000020000b70        0x4 /home/slitmano/CLionProjects/Moisture_sensor_node/Tools/gcc-arm-none-eabi-10.3-2021.10/bin/../lib/gcc/arm-none-eabi/10.3.1/../../../../arm-none-eabi/lib/thumb/v7e-m/nofp/libg.a(lib_a-mallocr.o)
                0x0000000020000b70                __malloc_max_sbrked_mem
 .bss.__malloc_max_total_mem
                0x0000000020000b74        0x4 /home/slitmano/CLionProjects/Moisture_sensor_node/Tools/gcc-arm-none-eabi-10.3-2021.10/bin/../lib/gcc/arm-none-eabi/10.3.1/../../../../arm-none-eabi/lib/thumb/v7e-m/nofp/libg.a(lib_a-mallocr.o)
                0x0000000020000b74                __malloc_max_total_mem
 .bss.__malloc_top_pad
                0x0000000020000b78        0x4 /home/slitmano/CLionProjects/Moisture_sensor_node/Tools/gcc-arm-none-eabi-10.3-2021.10/bin/../lib/gcc/arm-none-eabi/10.3.1/../../../../arm-none-eabi/lib/thumb/v7e-m/nofp/libg.a(lib_a-mallocr.o)
                0x0000000020000b78                __malloc_top_pad
 .bss.errno     0x0000000020000b7c        0x4 /home/slitmano/CLionProjects/Moisture_sensor_node/Tools/gcc-arm-none-eabi-10.3-2021.10/bin/../lib/gcc/arm-none-eabi/10.3.1/../../../../arm-none-eabi/lib/thumb/v7e-m/nofp/libg.a(lib_a-reent.o)
                0x0000000020000b7c                errno
 *(COMMON)
                0x0000000020000b80                . = ALIGN (0x4)
                0x0000000020000b80                _ebss = .
                0x0000000020000b80                __bss_end__ = _ebss

._user_heap_stack
                0x0000000020000b80      0x600 load address 0x000000000800be4c
                0x0000000020000b80                . = ALIGN (0x8)
                [!provide]                        PROVIDE (end = .)
                0x0000000020000b80                PROVIDE (_end = .)
                0x0000000020000d80                . = (. + _Min_Heap_Size)
 *fill*         0x0000000020000b80      0x200 
                0x0000000020001180                . = (. + _Min_Stack_Size)
 *fill*         0x0000000020000d80      0x400 
                0x0000000020001180                . = ALIGN (0x8)

/DISCARD/
 libc.a(*)
 libm.a(*)
 libgcc.a(*)

.ARM.attributes
                0x0000000000000000       0x2a
 *(.ARM.attributes)
 .ARM.attributes
                0x0000000000000000       0x1e /home/slitmano/CLionProjects/Moisture_sensor_node/Tools/gcc-arm-none-eabi-10.3-2021.10/bin/../lib/gcc/arm-none-eabi/10.3.1/thumb/v7e-m/nofp/crti.o
 .ARM.attributes
                0x000000000000001e       0x2e /home/slitmano/CLionProjects/Moisture_sensor_node/Tools/gcc-arm-none-eabi-10.3-2021.10/bin/../lib/gcc/arm-none-eabi/10.3.1/thumb/v7e-m/nofp/crtbegin.o
 .ARM.attributes
                0x000000000000004c       0x2e CMakeFiles/Moisture_sensor_node.elf.dir/Drivers/STM32L4xx_HAL_Driver/Src/stm32l4xx_hal.c.obj
 .ARM.attributes
                0x000000000000007a       0x2e CMakeFiles/Moisture_sensor_node.elf.dir/Drivers/STM32L4xx_HAL_Driver/Src/stm32l4xx_hal_adc.c.obj
 .ARM.attributes
                0x00000000000000a8       0x2e CMakeFiles/Moisture_sensor_node.elf.dir/Drivers/STM32L4xx_HAL_Driver/Src/stm32l4xx_hal_cortex.c.obj
 .ARM.attributes
                0x00000000000000d6       0x2e CMakeFiles/Moisture_sensor_node.elf.dir/Drivers/STM32L4xx_HAL_Driver/Src/stm32l4xx_hal_gpio.c.obj
 .ARM.attributes
                0x0000000000000104       0x2e CMakeFiles/Moisture_sensor_node.elf.dir/Drivers/STM32L4xx_HAL_Driver/Src/stm32l4xx_hal_pwr.c.obj
 .ARM.attributes
                0x0000000000000132       0x2e CMakeFiles/Moisture_sensor_node.elf.dir/Drivers/STM32L4xx_HAL_Driver/Src/stm32l4xx_hal_pwr_ex.c.obj
 .ARM.attributes
                0x0000000000000160       0x2e CMakeFiles/Moisture_sensor_node.elf.dir/Drivers/STM32L4xx_HAL_Driver/Src/stm32l4xx_hal_rcc.c.obj
 .ARM.attributes
                0x000000000000018e       0x2e CMakeFiles/Moisture_sensor_node.elf.dir/Drivers/STM32L4xx_HAL_Driver/Src/stm32l4xx_hal_rcc_ex.c.obj
 .ARM.attributes
                0x00000000000001bc       0x2e CMakeFiles/Moisture_sensor_node.elf.dir/Drivers/STM32L4xx_HAL_Driver/Src/stm32l4xx_hal_uart.c.obj
 .ARM.attributes
                0x00000000000001ea       0x2e CMakeFiles/Moisture_sensor_node.elf.dir/Src/humid_node.c.obj
 .ARM.attributes
                0x0000000000000218       0x2e CMakeFiles/Moisture_sensor_node.elf.dir/Src/main.c.obj
 .ARM.attributes
                0x0000000000000246       0x2e CMakeFiles/Moisture_sensor_node.elf.dir/Src/stm32l4xx_hal_msp.c.obj
 .ARM.attributes
                0x0000000000000274       0x2e CMakeFiles/Moisture_sensor_node.elf.dir/Src/stm32l4xx_it.c.obj
 .ARM.attributes
                0x00000000000002a2       0x2e CMakeFiles/Moisture_sensor_node.elf.dir/Src/syscalls.c.obj
 .ARM.attributes
                0x00000000000002d0       0x2e CMakeFiles/Moisture_sensor_node.elf.dir/Src/sysmem.c.obj
 .ARM.attributes
                0x00000000000002fe       0x2e CMakeFiles/Moisture_sensor_node.elf.dir/Src/system_stm32l4xx.c.obj
 .ARM.attributes
                0x000000000000032c       0x21 CMakeFiles/Moisture_sensor_node.elf.dir/Startup/startup_stm32l432kcux.s.obj
 .ARM.attributes
                0x000000000000034d       0x1e /home/slitmano/CLionProjects/Moisture_sensor_node/Tools/gcc-arm-none-eabi-10.3-2021.10/bin/../lib/gcc/arm-none-eabi/10.3.1/thumb/v7e-m/nofp/libgcc.a(_aeabi_uldivmod.o)
 .ARM.attributes
                0x000000000000036b       0x2e /home/slitmano/CLionProjects/Moisture_sensor_node/Tools/gcc-arm-none-eabi-10.3-2021.10/bin/../lib/gcc/arm-none-eabi/10.3.1/thumb/v7e-m/nofp/libgcc.a(_udivmoddi4.o)
 .ARM.attributes
                0x0000000000000399       0x1e /home/slitmano/CLionProjects/Moisture_sensor_node/Tools/gcc-arm-none-eabi-10.3-2021.10/bin/../lib/gcc/arm-none-eabi/10.3.1/thumb/v7e-m/nofp/libgcc.a(_dvmd_tls.o)
 .ARM.attributes
                0x00000000000003b7       0x2e /home/slitmano/CLionProjects/Moisture_sensor_node/Tools/gcc-arm-none-eabi-10.3-2021.10/bin/../lib/gcc/arm-none-eabi/10.3.1/../../../../arm-none-eabi/lib/thumb/v7e-m/nofp/libg.a(lib_a-errno.o)
 .ARM.attributes
                0x00000000000003e5       0x2e /home/slitmano/CLionProjects/Moisture_sensor_node/Tools/gcc-arm-none-eabi-10.3-2021.10/bin/../lib/gcc/arm-none-eabi/10.3.1/../../../../arm-none-eabi/lib/thumb/v7e-m/nofp/libg.a(lib_a-impure.o)
 .ARM.attributes
                0x0000000000000413       0x2e /home/slitmano/CLionProjects/Moisture_sensor_node/Tools/gcc-arm-none-eabi-10.3-2021.10/bin/../lib/gcc/arm-none-eabi/10.3.1/../../../../arm-none-eabi/lib/thumb/v7e-m/nofp/libg.a(lib_a-init.o)
 .ARM.attributes
                0x0000000000000441       0x1c /home/slitmano/CLionProjects/Moisture_sensor_node/Tools/gcc-arm-none-eabi-10.3-2021.10/bin/../lib/gcc/arm-none-eabi/10.3.1/../../../../arm-none-eabi/lib/thumb/v7e-m/nofp/libg.a(lib_a-memcpy.o)
 .ARM.attributes
                0x000000000000045d       0x2e /home/slitmano/CLionProjects/Moisture_sensor_node/Tools/gcc-arm-none-eabi-10.3-2021.10/bin/../lib/gcc/arm-none-eabi/10.3.1/../../../../arm-none-eabi/lib/thumb/v7e-m/nofp/libg.a(lib_a-memset.o)
 .ARM.attributes
                0x000000000000048b       0x2e /home/slitmano/CLionProjects/Moisture_sensor_node/Tools/gcc-arm-none-eabi-10.3-2021.10/bin/../lib/gcc/arm-none-eabi/10.3.1/../../../../arm-none-eabi/lib/thumb/v7e-m/nofp/libg.a(lib_a-printf.o)
 .ARM.attributes
                0x00000000000004b9       0x2e /home/slitmano/CLionProjects/Moisture_sensor_node/Tools/gcc-arm-none-eabi-10.3-2021.10/bin/../lib/gcc/arm-none-eabi/10.3.1/../../../../arm-none-eabi/lib/thumb/v7e-m/nofp/libg.a(lib_a-sprintf.o)
 .ARM.attributes
                0x00000000000004e7       0x2e /home/slitmano/CLionProjects/Moisture_sensor_node/Tools/gcc-arm-none-eabi-10.3-2021.10/bin/../lib/gcc/arm-none-eabi/10.3.1/../../../../arm-none-eabi/lib/thumb/v7e-m/nofp/libg.a(lib_a-svfprintf.o)
 .ARM.attributes
                0x0000000000000515       0x2e /home/slitmano/CLionProjects/Moisture_sensor_node/Tools/gcc-arm-none-eabi-10.3-2021.10/bin/../lib/gcc/arm-none-eabi/10.3.1/../../../../arm-none-eabi/lib/thumb/v7e-m/nofp/libg.a(lib_a-vfprintf.o)
 .ARM.attributes
                0x0000000000000543       0x2e /home/slitmano/CLionProjects/Moisture_sensor_node/Tools/gcc-arm-none-eabi-10.3-2021.10/bin/../lib/gcc/arm-none-eabi/10.3.1/../../../../arm-none-eabi/lib/thumb/v7e-m/nofp/libg.a(lib_a-wsetup.o)
 .ARM.attributes
                0x0000000000000571       0x2e /home/slitmano/CLionProjects/Moisture_sensor_node/Tools/gcc-arm-none-eabi-10.3-2021.10/bin/../lib/gcc/arm-none-eabi/10.3.1/../../../../arm-none-eabi/lib/thumb/v7e-m/nofp/libg.a(lib_a-__call_atexit.o)
 .ARM.attributes
                0x000000000000059f       0x2e /home/slitmano/CLionProjects/Moisture_sensor_node/Tools/gcc-arm-none-eabi-10.3-2021.10/bin/../lib/gcc/arm-none-eabi/10.3.1/../../../../arm-none-eabi/lib/thumb/v7e-m/nofp/libg.a(lib_a-atexit.o)
 .ARM.attributes
                0x00000000000005cd       0x2e /home/slitmano/CLionProjects/Moisture_sensor_node/Tools/gcc-arm-none-eabi-10.3-2021.10/bin/../lib/gcc/arm-none-eabi/10.3.1/../../../../arm-none-eabi/lib/thumb/v7e-m/nofp/libg.a(lib_a-dtoa.o)
 .ARM.attributes
                0x00000000000005fb       0x2e /home/slitmano/CLionProjects/Moisture_sensor_node/Tools/gcc-arm-none-eabi-10.3-2021.10/bin/../lib/gcc/arm-none-eabi/10.3.1/../../../../arm-none-eabi/lib/thumb/v7e-m/nofp/libg.a(lib_a-fflush.o)
 .ARM.attributes
                0x0000000000000629       0x2e /home/slitmano/CLionProjects/Moisture_sensor_node/Tools/gcc-arm-none-eabi-10.3-2021.10/bin/../lib/gcc/arm-none-eabi/10.3.1/../../../../arm-none-eabi/lib/thumb/v7e-m/nofp/libg.a(lib_a-findfp.o)
 .ARM.attributes
                0x0000000000000657       0x2e /home/slitmano/CLionProjects/Moisture_sensor_node/Tools/gcc-arm-none-eabi-10.3-2021.10/bin/../lib/gcc/arm-none-eabi/10.3.1/../../../../arm-none-eabi/lib/thumb/v7e-m/nofp/libg.a(lib_a-fini.o)
 .ARM.attributes
                0x0000000000000685       0x2e /home/slitmano/CLionProjects/Moisture_sensor_node/Tools/gcc-arm-none-eabi-10.3-2021.10/bin/../lib/gcc/arm-none-eabi/10.3.1/../../../../arm-none-eabi/lib/thumb/v7e-m/nofp/libg.a(lib_a-freer.o)
 .ARM.attributes
                0x00000000000006b3       0x2e /home/slitmano/CLionProjects/Moisture_sensor_node/Tools/gcc-arm-none-eabi-10.3-2021.10/bin/../lib/gcc/arm-none-eabi/10.3.1/../../../../arm-none-eabi/lib/thumb/v7e-m/nofp/libg.a(lib_a-fwalk.o)
 .ARM.attributes
                0x00000000000006e1       0x2e /home/slitmano/CLionProjects/Moisture_sensor_node/Tools/gcc-arm-none-eabi-10.3-2021.10/bin/../lib/gcc/arm-none-eabi/10.3.1/../../../../arm-none-eabi/lib/thumb/v7e-m/nofp/libg.a(lib_a-localeconv.o)
 .ARM.attributes
                0x000000000000070f       0x2e /home/slitmano/CLionProjects/Moisture_sensor_node/Tools/gcc-arm-none-eabi-10.3-2021.10/bin/../lib/gcc/arm-none-eabi/10.3.1/../../../../arm-none-eabi/lib/thumb/v7e-m/nofp/libg.a(lib_a-lock.o)
 .ARM.attributes
                0x000000000000073d       0x2e /home/slitmano/CLionProjects/Moisture_sensor_node/Tools/gcc-arm-none-eabi-10.3-2021.10/bin/../lib/gcc/arm-none-eabi/10.3.1/../../../../arm-none-eabi/lib/thumb/v7e-m/nofp/libg.a(lib_a-makebuf.o)
 .ARM.attributes
                0x000000000000076b       0x2e /home/slitmano/CLionProjects/Moisture_sensor_node/Tools/gcc-arm-none-eabi-10.3-2021.10/bin/../lib/gcc/arm-none-eabi/10.3.1/../../../../arm-none-eabi/lib/thumb/v7e-m/nofp/libg.a(lib_a-mallocr.o)
 .ARM.attributes
                0x0000000000000799       0x1c /home/slitmano/CLionProjects/Moisture_sensor_node/Tools/gcc-arm-none-eabi-10.3-2021.10/bin/../lib/gcc/arm-none-eabi/10.3.1/../../../../arm-none-eabi/lib/thumb/v7e-m/nofp/libg.a(lib_a-memchr.o)
 .ARM.attributes
                0x00000000000007b5       0x2e /home/slitmano/CLionProjects/Moisture_sensor_node/Tools/gcc-arm-none-eabi-10.3-2021.10/bin/../lib/gcc/arm-none-eabi/10.3.1/../../../../arm-none-eabi/lib/thumb/v7e-m/nofp/libg.a(lib_a-mlock.o)
 .ARM.attributes
                0x00000000000007e3       0x2e /home/slitmano/CLionProjects/Moisture_sensor_node/Tools/gcc-arm-none-eabi-10.3-2021.10/bin/../lib/gcc/arm-none-eabi/10.3.1/../../../../arm-none-eabi/lib/thumb/v7e-m/nofp/libg.a(lib_a-mprec.o)
 .ARM.attributes
                0x0000000000000811       0x2e /home/slitmano/CLionProjects/Moisture_sensor_node/Tools/gcc-arm-none-eabi-10.3-2021.10/bin/../lib/gcc/arm-none-eabi/10.3.1/../../../../arm-none-eabi/lib/thumb/v7e-m/nofp/libg.a(lib_a-s_frexp.o)
 .ARM.attributes
                0x000000000000083f       0x2e /home/slitmano/CLionProjects/Moisture_sensor_node/Tools/gcc-arm-none-eabi-10.3-2021.10/bin/../lib/gcc/arm-none-eabi/10.3.1/../../../../arm-none-eabi/lib/thumb/v7e-m/nofp/libg.a(lib_a-sbrkr.o)
 .ARM.attributes
                0x000000000000086d       0x2e /home/slitmano/CLionProjects/Moisture_sensor_node/Tools/gcc-arm-none-eabi-10.3-2021.10/bin/../lib/gcc/arm-none-eabi/10.3.1/../../../../arm-none-eabi/lib/thumb/v7e-m/nofp/libg.a(lib_a-stdio.o)
 .ARM.attributes
                0x000000000000089b       0x1c /home/slitmano/CLionProjects/Moisture_sensor_node/Tools/gcc-arm-none-eabi-10.3-2021.10/bin/../lib/gcc/arm-none-eabi/10.3.1/../../../../arm-none-eabi/lib/thumb/v7e-m/nofp/libg.a(lib_a-strlen.o)
 .ARM.attributes
                0x00000000000008b7       0x2e /home/slitmano/CLionProjects/Moisture_sensor_node/Tools/gcc-arm-none-eabi-10.3-2021.10/bin/../lib/gcc/arm-none-eabi/10.3.1/../../../../arm-none-eabi/lib/thumb/v7e-m/nofp/libg.a(lib_a-strncpy.o)
 .ARM.attributes
                0x00000000000008e5       0x2e /home/slitmano/CLionProjects/Moisture_sensor_node/Tools/gcc-arm-none-eabi-10.3-2021.10/bin/../lib/gcc/arm-none-eabi/10.3.1/../../../../arm-none-eabi/lib/thumb/v7e-m/nofp/libg.a(lib_a-svfiprintf.o)
 .ARM.attributes
                0x0000000000000913       0x2e /home/slitmano/CLionProjects/Moisture_sensor_node/Tools/gcc-arm-none-eabi-10.3-2021.10/bin/../lib/gcc/arm-none-eabi/10.3.1/../../../../arm-none-eabi/lib/thumb/v7e-m/nofp/libg.a(lib_a-vfiprintf.o)
 .ARM.attributes
                0x0000000000000941       0x2e /home/slitmano/CLionProjects/Moisture_sensor_node/Tools/gcc-arm-none-eabi-10.3-2021.10/bin/../lib/gcc/arm-none-eabi/10.3.1/../../../../arm-none-eabi/lib/thumb/v7e-m/nofp/libg.a(lib_a-writer.o)
 .ARM.attributes
                0x000000000000096f       0x2e /home/slitmano/CLionProjects/Moisture_sensor_node/Tools/gcc-arm-none-eabi-10.3-2021.10/bin/../lib/gcc/arm-none-eabi/10.3.1/../../../../arm-none-eabi/lib/thumb/v7e-m/nofp/libg.a(lib_a-__atexit.o)
 .ARM.attributes
                0x000000000000099d       0x2e /home/slitmano/CLionProjects/Moisture_sensor_node/Tools/gcc-arm-none-eabi-10.3-2021.10/bin/../lib/gcc/arm-none-eabi/10.3.1/../../../../arm-none-eabi/lib/thumb/v7e-m/nofp/libg.a(lib_a-assert.o)
 .ARM.attributes
                0x00000000000009cb       0x2e /home/slitmano/CLionProjects/Moisture_sensor_node/Tools/gcc-arm-none-eabi-10.3-2021.10/bin/../lib/gcc/arm-none-eabi/10.3.1/../../../../arm-none-eabi/lib/thumb/v7e-m/nofp/libg.a(lib_a-callocr.o)
 .ARM.attributes
                0x00000000000009f9       0x2e /home/slitmano/CLionProjects/Moisture_sensor_node/Tools/gcc-arm-none-eabi-10.3-2021.10/bin/../lib/gcc/arm-none-eabi/10.3.1/../../../../arm-none-eabi/lib/thumb/v7e-m/nofp/libg.a(lib_a-closer.o)
 .ARM.attributes
                0x0000000000000a27       0x2e /home/slitmano/CLionProjects/Moisture_sensor_node/Tools/gcc-arm-none-eabi-10.3-2021.10/bin/../lib/gcc/arm-none-eabi/10.3.1/../../../../arm-none-eabi/lib/thumb/v7e-m/nofp/libg.a(lib_a-fclose.o)
 .ARM.attributes
                0x0000000000000a55       0x2e /home/slitmano/CLionProjects/Moisture_sensor_node/Tools/gcc-arm-none-eabi-10.3-2021.10/bin/../lib/gcc/arm-none-eabi/10.3.1/../../../../arm-none-eabi/lib/thumb/v7e-m/nofp/libg.a(lib_a-fiprintf.o)
 .ARM.attributes
                0x0000000000000a83       0x2e /home/slitmano/CLionProjects/Moisture_sensor_node/Tools/gcc-arm-none-eabi-10.3-2021.10/bin/../lib/gcc/arm-none-eabi/10.3.1/../../../../arm-none-eabi/lib/thumb/v7e-m/nofp/libg.a(lib_a-fputwc.o)
 .ARM.attributes
                0x0000000000000ab1       0x2e /home/slitmano/CLionProjects/Moisture_sensor_node/Tools/gcc-arm-none-eabi-10.3-2021.10/bin/../lib/gcc/arm-none-eabi/10.3.1/../../../../arm-none-eabi/lib/thumb/v7e-m/nofp/libg.a(lib_a-fstatr.o)
 .ARM.attributes
                0x0000000000000adf       0x2e /home/slitmano/CLionProjects/Moisture_sensor_node/Tools/gcc-arm-none-eabi-10.3-2021.10/bin/../lib/gcc/arm-none-eabi/10.3.1/../../../../arm-none-eabi/lib/thumb/v7e-m/nofp/libg.a(lib_a-fvwrite.o)
 .ARM.attributes
                0x0000000000000b0d       0x2e /home/slitmano/CLionProjects/Moisture_sensor_node/Tools/gcc-arm-none-eabi-10.3-2021.10/bin/../lib/gcc/arm-none-eabi/10.3.1/../../../../arm-none-eabi/lib/thumb/v7e-m/nofp/libg.a(lib_a-isattyr.o)
 .ARM.attributes
                0x0000000000000b3b       0x2e /home/slitmano/CLionProjects/Moisture_sensor_node/Tools/gcc-arm-none-eabi-10.3-2021.10/bin/../lib/gcc/arm-none-eabi/10.3.1/../../../../arm-none-eabi/lib/thumb/v7e-m/nofp/libg.a(lib_a-locale.o)
 .ARM.attributes
                0x0000000000000b69       0x2e /home/slitmano/CLionProjects/Moisture_sensor_node/Tools/gcc-arm-none-eabi-10.3-2021.10/bin/../lib/gcc/arm-none-eabi/10.3.1/../../../../arm-none-eabi/lib/thumb/v7e-m/nofp/libg.a(lib_a-lseekr.o)
 .ARM.attributes
                0x0000000000000b97       0x2e /home/slitmano/CLionProjects/Moisture_sensor_node/Tools/gcc-arm-none-eabi-10.3-2021.10/bin/../lib/gcc/arm-none-eabi/10.3.1/../../../../arm-none-eabi/lib/thumb/v7e-m/nofp/libg.a(lib_a-mbtowc_r.o)
 .ARM.attributes
                0x0000000000000bc5       0x2e /home/slitmano/CLionProjects/Moisture_sensor_node/Tools/gcc-arm-none-eabi-10.3-2021.10/bin/../lib/gcc/arm-none-eabi/10.3.1/../../../../arm-none-eabi/lib/thumb/v7e-m/nofp/libg.a(lib_a-memmove.o)
 .ARM.attributes
                0x0000000000000bf3       0x2e /home/slitmano/CLionProjects/Moisture_sensor_node/Tools/gcc-arm-none-eabi-10.3-2021.10/bin/../lib/gcc/arm-none-eabi/10.3.1/../../../../arm-none-eabi/lib/thumb/v7e-m/nofp/libg.a(lib_a-readr.o)
 .ARM.attributes
                0x0000000000000c21       0x2e /home/slitmano/CLionProjects/Moisture_sensor_node/Tools/gcc-arm-none-eabi-10.3-2021.10/bin/../lib/gcc/arm-none-eabi/10.3.1/../../../../arm-none-eabi/lib/thumb/v7e-m/nofp/libg.a(lib_a-reallocr.o)
 .ARM.attributes
                0x0000000000000c4f       0x2e /home/slitmano/CLionProjects/Moisture_sensor_node/Tools/gcc-arm-none-eabi-10.3-2021.10/bin/../lib/gcc/arm-none-eabi/10.3.1/../../../../arm-none-eabi/lib/thumb/v7e-m/nofp/libg.a(lib_a-reent.o)
 .ARM.attributes
                0x0000000000000c7d       0x2e /home/slitmano/CLionProjects/Moisture_sensor_node/Tools/gcc-arm-none-eabi-10.3-2021.10/bin/../lib/gcc/arm-none-eabi/10.3.1/../../../../arm-none-eabi/lib/thumb/v7e-m/nofp/libg.a(lib_a-wbuf.o)
 .ARM.attributes
                0x0000000000000cab       0x2e /home/slitmano/CLionProjects/Moisture_sensor_node/Tools/gcc-arm-none-eabi-10.3-2021.10/bin/../lib/gcc/arm-none-eabi/10.3.1/../../../../arm-none-eabi/lib/thumb/v7e-m/nofp/libg.a(lib_a-wcrtomb.o)
 .ARM.attributes
                0x0000000000000cd9       0x2e /home/slitmano/CLionProjects/Moisture_sensor_node/Tools/gcc-arm-none-eabi-10.3-2021.10/bin/../lib/gcc/arm-none-eabi/10.3.1/../../../../arm-none-eabi/lib/thumb/v7e-m/nofp/libg.a(lib_a-wctomb_r.o)
 .ARM.attributes
                0x0000000000000d07       0x2e /home/slitmano/CLionProjects/Moisture_sensor_node/Tools/gcc-arm-none-eabi-10.3-2021.10/bin/../lib/gcc/arm-none-eabi/10.3.1/../../../../arm-none-eabi/lib/thumb/v7e-m/nofp/libg.a(lib_a-abort.o)
 .ARM.attributes
                0x0000000000000d35       0x2e /home/slitmano/CLionProjects/Moisture_sensor_node/Tools/gcc-arm-none-eabi-10.3-2021.10/bin/../lib/gcc/arm-none-eabi/10.3.1/../../../../arm-none-eabi/lib/thumb/v7e-m/nofp/libg.a(lib_a-ctype_.o)
 .ARM.attributes
                0x0000000000000d63       0x2e /home/slitmano/CLionProjects/Moisture_sensor_node/Tools/gcc-arm-none-eabi-10.3-2021.10/bin/../lib/gcc/arm-none-eabi/10.3.1/../../../../arm-none-eabi/lib/thumb/v7e-m/nofp/libg.a(lib_a-signal.o)
 .ARM.attributes
                0x0000000000000d91       0x2e /home/slitmano/CLionProjects/Moisture_sensor_node/Tools/gcc-arm-none-eabi-10.3-2021.10/bin/../lib/gcc/arm-none-eabi/10.3.1/../../../../arm-none-eabi/lib/thumb/v7e-m/nofp/libg.a(lib_a-signalr.o)
 .ARM.attributes
                0x0000000000000dbf       0x1e /home/slitmano/CLionProjects/Moisture_sensor_node/Tools/gcc-arm-none-eabi-10.3-2021.10/bin/../lib/gcc/arm-none-eabi/10.3.1/thumb/v7e-m/nofp/libgcc.a(_arm_addsubdf3.o)
 .ARM.attributes
                0x0000000000000ddd       0x1e /home/slitmano/CLionProjects/Moisture_sensor_node/Tools/gcc-arm-none-eabi-10.3-2021.10/bin/../lib/gcc/arm-none-eabi/10.3.1/thumb/v7e-m/nofp/libgcc.a(_arm_muldivdf3.o)
 .ARM.attributes